[rascalsthemes.com/demo/angio/demo1/index.html]
[backblue.gif]
[fade.gif]
[index.html]
[rascalsthemes.com/demo/angio/demo1/wp-includes/css/dist/block-library/style.mind1c0.css]
[rascalsthemes.com/demo/angio/demo1/wp-content/plugins/angio-toolkit/options/toolkit/vendors/basicLightbox/basicLightbox.mind1c0.css]
[fonts.googleapis.com/index.html]
[rascalsthemes.com/demo/angio/demo1/feed/index.html]
[rascalsthemes.com/demo/angio/demo1/wp-content/plugins/elementor/assets/lib/swiper/v8/css/swiper.min94a4.css]
[rascalsthemes.com/demo/angio/demo1/comments/feed/index.html]
[rascalsthemes.com/demo/angio/demo1/wp-content/plugins/angio-toolkit/options/toolkit/css/frontend-toolkitd1c0.css]
[rascalsthemes.com/demo/angio/demo1/wp-content/plugins/woocommerce/assets/css/woocommerce-layoutea26.css]
[rascalsthemes.com/demo/angio/demo1/wp-content/plugins/woocommerce/assets/css/woocommerceea26.css]
[rascalsthemes.com/demo/angio/demo1/wp-content/themes/angio/css/icomoond1c0.css]
[rascalsthemes.com/demo/angio/demo1/wp-content/themes/angio/styled1c0.css]
[rascalsthemes.com/demo/angio/demo1/wp-content/plugins/angio-toolkit/options/woocommerce/css/wc-custom-styled1c0.css]
[rascalsthemes.com/demo/angio/demo1/wp-includes/js/jquery/jquery.minf43b.js]
[rascalsthemes.com/demo/angio/demo1/wp-includes/js/jquery/jquery-migrate.min5589.js]
[rascalsthemes.com/demo/angio/demo1/wp-content/plugins/woocommerce/assets/js/jquery-blockui/jquery.blockUI.min2574.js]
[rascalsthemes.com/demo/angio/demo1/wp-content/plugins/woocommerce/assets/js/frontend/add-to-cart.minea26.js]
[rascalsthemes.com/demo/angio/demo1/wp-content/plugins/woocommerce/assets/js/js-cookie/js.cookie.min3546.js]
[rascalsthemes.com/demo/angio/demo1/wp-content/plugins/woocommerce/assets/js/frontend/woocommerce.minea26.js]
[rascalsthemes.com/demo/angio/demo1/wp-json/wp/v2/pages/374.json]
[rascalsthemes.com/demo/angio/demo1/wp-json/index.html]
[rascalsthemes.com/demo/angio/demo1/xmlrpc0db0.php]
[rascalsthemes.com/demo/angio/demo1/wp-json/oembed/1.0/embed10bb.json]
[rascalsthemes.com/demo/angio/demo1/wp-json/oembed/1.0/embed08d7]
[rascalsthemes.com/demo/angio/demo1/wp-content/plugins/woocommerce/assets/fonts/Inter-VariableFont_slnt,wght.woff2]
[rascalsthemes.com/demo/angio/demo1/wp-content/plugins/woocommerce/assets/fonts/cardo_normal_400.woff2]
[rascalsthemes.com/demo/angio/demo1/wp-content/themes/angio/images/logo.svg]
[rascalsthemes.com/demo/angio/audio/2.mp3]
[rascalsthemes.com/demo/angio/demo1/wp-content/uploads/2020/08/hd4.jpg]
[rascalsthemes.com/demo/angio/demo1/home-albums-slider/index.html]
[rascalsthemes.com/demo/angio/demo1/home-fullscreen-menu-2/index.html]
[rascalsthemes.com/demo/angio/demo1/wp-content/uploads/2020/02/a1.jpg]
[rascalsthemes.com/demo/angio/demo1/beats/index.html]
[rascalsthemes.com/demo/angio/demo1/beats/beats-horizontal/index.html]
[rascalsthemes.com/demo/angio/demo1/wp-content/plugins/woocommerce/assets/client/blocks/wc-blocksf3a9.css]
[rascalsthemes.com/demo/angio/demo1/beats/beats-grid-2/index.html]
[rascalsthemes.com/demo/angio/demo1/dates-horizontal/dates-list/index.html]
[rascalsthemes.com/demo/angio/demo1/wp-content/plugins/angio-toolkit/options/toolkit/vendors/basicLightbox/basicLightbox.mind1c0.js]
[rascalsthemes.com/demo/angio/demo1/dates-horizontal/dates-grid-2-2/index.html]
[rascalsthemes.com/demo/angio/demo1/wp-content/plugins/angio-toolkit/options/toolkit/vendors/swiper/swiper.mind1c0.js]
[rascalsthemes.com/demo/angio/demo1/dates-horizontal/dates-grid-2/index.html]
[rascalsthemes.com/demo/angio/demo1/wp-content/plugins/angio-toolkit/options/toolkit/vendors/threejs/three.mind1c0.js]
[rascalsthemes.com/demo/angio/demo1/photos/photos-horizontal-portrait/index.html]
[rascalsthemes.com/demo/angio/demo1/wp-content/plugins/angio-toolkit/options/toolkit/js/frontend-toolkitd1c0.js]
[rascalsthemes.com/demo/angio/demo1/photos/photos-horizontal-landscape/index.html]
[rascalsthemes.com/demo/angio/demo1/photos/photos-3-columns/index.html]
[rascalsthemes.com/demo/angio/demo1/wp-includes/js/dist/hooks.min4fdd.js]
[rascalsthemes.com/demo/angio/demo1/wp-includes/js/dist/i18n.minc33c.js]
[rascalsthemes.com/demo/angio/demo1/photos/photos-vertical-3/index.html]
[rascalsthemes.com/demo/angio/demo1/wp-content/plugins/contact-form-7/includes/swv/js/indexf049.js]
[rascalsthemes.com/demo/angio/demo1/news/index.html]
[rascalsthemes.com/demo/angio/demo1/wp-content/plugins/contact-form-7/includes/js/indexf049.js]
[rascalsthemes.com/demo/angio/demo1/news/news-list/index.html]
[rascalsthemes.com/demo/angio/demo1/news/news-big-images/index.html]
[rascalsthemes.com/demo/angio/demo1/wp-content/themes/angio/js/gsap.mind1c0.js]
[rascalsthemes.com/demo/angio/demo1/shop/index.html]
[rascalsthemes.com/demo/angio/demo1/wp-content/themes/angio/js/scrollmagic.mind1c0.js]
[rascalsthemes.com/demo/angio/demo1/angio/index.html]
[rascalsthemes.com/demo/angio/demo1/wp-content/themes/angio/js/smooth-scrollbar.mind1c0.js]
[rascalsthemes.com/demo/angio/demo1/layouts/simple-title/index.html]
[rascalsthemes.com/demo/angio/demo1/wp-content/themes/angio/js/axloaderd1c0.js]
[rascalsthemes.com/demo/angio/demo1/layouts/fullscreen-scroll-smooth-move-fx/index.html]
[rascalsthemes.com/demo/angio/demo1/wp-includes/js/imagesloaded.minbb93.js]
[rascalsthemes.com/demo/angio/demo1/layouts/fullscreen-scroll-glitch-fx/index.html]
[rascalsthemes.com/demo/angio/demo1/wp-content/themes/angio/js/themed1c0.js]
[rascalsthemes.com/demo/angio/demo1/wp-content/plugins/woocommerce/assets/js/sourcebuster/sourcebuster.minea26.js]
[rascalsthemes.com/demo/angio/demo1/index.html]
[rascalsthemes.com/demo/angio/demo1/wp-content/plugins/woocommerce/assets/js/frontend/order-attribution.minea26.js]
[fonts.googleapis.com/index.html]
[fonts.googleapis.com/css5bec.css]
[rascalsthemes.com/demo/angio/demo1/wp-content/plugins/elementor/assets/lib/eicons/css/elementor-icons.min444a.css]
[rascalsthemes.com/demo/angio/demo1/wp-content/plugins/elementor/assets/css/conditionals/e-swiper.min18be.css]
[rascalsthemes.com/demo/angio/demo1/wp-json/wp/v2/pages/366.json]
[rascalsthemes.com/demo/angio/demo1/wp-json/oembed/1.0/embed76d7.json]
[rascalsthemes.com/demo/angio/demo1/wp-content/uploads/2020/02/hd-album-bg.jpg]
[rascalsthemes.com/demo/angio/demo1/wp-content/uploads/2020/02/a4-1.jpg]
[rascalsthemes.com/demo/angio/demo1/wp-content/uploads/2020/02/a3-1.jpg]
[rascalsthemes.com/demo/angio/demo1/album/astroworld/index.html]
[rascalsthemes.com/demo/angio/demo1/home-albums-slider/index.html]
[rascalsthemes.com/demo/angio/demo1/wp-content/uploads/2020/02/a2-1.jpg]
[rascalsthemes.com/demo/angio/demo1/album/call-to-mind/index.html]
[rascalsthemes.com/demo/angio/demo1/album/city-life/index.html]
[rascalsthemes.com/demo/angio/demo1/album/submission/index.html]
[rascalsthemes.com/demo/angio/demo1/home-fullscreen-menu/index.html]
[rascalsthemes.com/demo/angio/demo1/wp-content/uploads/2020/09/hd6.jpg]
[rascalsthemes.com/demo/angio/demo1/home-fullscreen-menu-2/index.html]
[rascalsthemes.com/demo/angio/demo1/wp-content/uploads/2020/09/parallax-layer1-3.png]
[rascalsthemes.com/demo/angio/demo1/cart/index.html]
[rascalsthemes.com/demo/angio/demo1/wp-json/wp/v2/pages/261.json]
[rascalsthemes.com/demo/angio/demo1/layouts/index.html]
[rascalsthemes.com/demo/angio/demo1/home-albums-slider-2/index.html]
[rascalsthemes.com/demo/angio/demo1/my-account/index.html]
[rascalsthemes.com/demo/angio/demo1/wp-json/oembed/1.0/embedd864.json]
[rascalsthemes.com/demo/angio/demo1/sample-page/index.html]
[rascalsthemes.com/demo/angio/demo1/privacy-policy-2/index.html]
[rascalsthemes.com/demo/angio/demo1/wp-json/oembed/1.0/embedcb15]
[rascalsthemes.com/demo/angio/demo1/wp-content/uploads/2020/08/hd2.jpg]
[rascalsthemes.com/demo/angio/demo1/beats/index.html]
[rascalsthemes.com/demo/angio/demo1/album/space-trap/index.html]
[rascalsthemes.com/demo/angio/demo1/wp-json/oembed/1.0/embed2080.json]
[rascalsthemes.com/demo/angio/demo1/beats/beats-horizontal/index.html]
[rascalsthemes.com/demo/angio/demo1/wp-json/oembed/1.0/embed4be5]
[rascalsthemes.com/demo/angio/demo1/wp-json/wp/v2/pages/665.json]
[rascalsthemes.com/demo/angio/demo1/beats/beats-grid-2/index.html]
[rascalsthemes.com/demo/angio/demo1/wp-json/oembed/1.0/embedd65f.json]
[rascalsthemes.com/demo/angio/demo1/wp-json/wp/v2/pages/679.json]
[rascalsthemes.com/demo/angio/demo1/wp-json/oembed/1.0/embed999f]
[rascalsthemes.com/demo/angio/demo1/wp-content/uploads/2019/11/n5.jpg]
[rascalsthemes.com/demo/angio/demo1/wp-content/uploads/2020/01/e7.jpg]
[rascalsthemes.com/demo/angio/demo1/wp-content/uploads/2020/01/e5.jpg]
[rascalsthemes.com/demo/angio/demo1/wp-content/uploads/2020/01/e3-1.jpg]
[rascalsthemes.com/demo/angio/demo1/wp-content/uploads/2020/01/e4.jpg]
[rascalsthemes.com/demo/angio/demo1/wp-content/uploads/2020/01/e6.jpg]
[rascalsthemes.com/demo/angio/demo1/event/fabric-ricardo-el-sonido-2/index.html]
[rascalsthemes.com/demo/angio/demo1/event/the-neon-club/index.html]
[rascalsthemes.com/demo/angio/demo1/wp-content/uploads/2020/01/e2.jpg]
[rascalsthemes.com/demo/angio/demo1/event/color-party/index.html]
[rascalsthemes.com/demo/angio/demo1/wp-content/uploads/2020/01/e1.jpg]
[rascalsthemes.com/demo/angio/demo1/dates-horizontal/dates-list/index.html]
[rascalsthemes.com/demo/angio/demo1/event/modern-city/index.html]
[rascalsthemes.com/demo/angio/demo1/event/narcoza-festival/index.html]
[rascalsthemes.com/demo/angio/demo1/event/retrowave-festival/index.html]
[rascalsthemes.com/demo/angio/demo1/event/fabric-ricardo-el-sonido/index.html]
[rascalsthemes.com/demo/angio/demo1/wp-json/wp/v2/pages/935.json]
[rascalsthemes.com/demo/angio/demo1/black-and-orange-wireless-headset/index.html]
[rascalsthemes.com/demo/angio/demo1/music-video-blocks/index.html]
[rascalsthemes.com/demo/angio/demo1/2019/12/index.html]
[rascalsthemes.com/demo/angio/demo1/2019/11/index.html]
[rascalsthemes.com/demo/angio/demo1/2019/04/index.html]
[rascalsthemes.com/demo/angio/demo1/wp-json/oembed/1.0/embed4a53.json]
[rascalsthemes.com/demo/angio/demo1/category/fashion/index.html]
[rascalsthemes.com/demo/angio/demo1/category/reviews/index.html]
[rascalsthemes.com/demo/angio/demo1/category/uncategorized/index.html]
[rascalsthemes.com/demo/angio/demo1/wp-json/oembed/1.0/embed808f]
[rascalsthemes.com/demo/angio/demo1/tag/fashion/index.html]
[rascalsthemes.com/demo/angio/demo1/wp-content/uploads/2020/09/hd5.jpg]
[rascalsthemes.com/demo/angio/demo1/dates-horizontal/dates-grid-2-2/index.html]
[rascalsthemes.com/demo/angio/demo1/tag/mixtape/index.html]
[rascalsthemes.com/demo/angio/demo1/tag/new-york/index.html]
[rascalsthemes.com/demo/angio/demo1/tag/sneakers/index.html]
[rascalsthemes.com/demo/angio/demo1/tag/soundcloud/index.html]
[rascalsthemes.com/demo/angio/demo1/dates-horizontal/dates-grid-2/index.html]
[rascalsthemes.com/demo/angio/demo1/wp-json/oembed/1.0/embed408a]
[rascalsthemes.com/demo/angio/demo1/dates-horizontal/index.html]
[rascalsthemes.com/demo/angio/demo1/photos/index.html]
[rascalsthemes.com/demo/angio/demo1/wp-json/wp/v2/pages/503.json]
[rascalsthemes.com/demo/angio/demo1/wp-json/oembed/1.0/embed885f.json]
[rascalsthemes.com/demo/angio/demo1/wp-json/oembed/1.0/embede756]
[rascalsthemes.com/demo/angio/demo1/wp-content/uploads/2020/09/p6.jpg]
[rascalsthemes.com/demo/angio/demo1/wp-content/uploads/2020/09/p5.jpg]
[rascalsthemes.com/demo/angio/demo1/wp-content/uploads/2020/09/p4.jpg]
[rascalsthemes.com/demo/angio/demo1/wp-content/uploads/2020/09/p2.jpg]
[rascalsthemes.com/demo/angio/demo1/wp-content/uploads/2020/09/p1.jpg]
[rascalsthemes.com/demo/angio/demo1/photos/photos-horizontal-portrait/index.html]
[rascalsthemes.com/demo/angio/demo1/wp-json/wp/v2/pages/500.json]
[rascalsthemes.com/demo/angio/audio/4.mp3]
[rascalsthemes.com/demo/angio/demo1/wp-content/uploads/2020/02/hd-album2-bg.jpg]
[rascalsthemes.com/demo/angio/demo1/wp-content/uploads/2020/09/l2.jpg]
[rascalsthemes.com/demo/angio/demo1/wp-content/uploads/2020/09/l1.jpg]
[rascalsthemes.com/demo/angio/demo1/wp-content/uploads/2020/09/l5.jpg]
[rascalsthemes.com/demo/angio/demo1/wp-content/uploads/2020/09/l4.jpg]
[rascalsthemes.com/demo/angio/demo1/wp-content/uploads/2020/09/l6.jpg]
[rascalsthemes.com/demo/angio/demo1/photos/photos-horizontal-landscape/index.html]
[rascalsthemes.com/demo/angio/demo1/wp-json/wp/v2/pages/486.json]
[rascalsthemes.com/demo/angio/demo1/wp-json/oembed/1.0/embedab21]
[rascalsthemes.com/demo/angio/demo1/photos/photos-3-columns/index.html]
[rascalsthemes.com/demo/angio/demo1/wp-content/uploads/2020/09/p5-836x522.jpg]
[rascalsthemes.com/demo/angio/demo1/photos/photos-2-columns/index.html]
[rascalsthemes.com/demo/angio/demo1/wp-json/wp/v2/pages/494.json]
[rascalsthemes.com/demo/angio/demo1/wp-json/oembed/1.0/embedd324.json]
[rascalsthemes.com/demo/angio/audio/3.mp3]
[rascalsthemes.com/demo/angio/demo1/wp-content/uploads/2020/01/n3-836x522.jpg]
[rascalsthemes.com/demo/angio/demo1/wp-content/uploads/2019/11/n5-836x522.jpg]
[rascalsthemes.com/demo/angio/demo1/wp-content/uploads/2019/11/n6-836x522.jpg]
[rascalsthemes.com/demo/angio/demo1/wp-content/uploads/2019/12/n4-836x522.jpg]
[rascalsthemes.com/demo/angio/demo1/wp-content/uploads/2020/01/n1-836x522.jpg]
[rascalsthemes.com/demo/angio/demo1/photos/photos-vertical-3/index.html]
[rascalsthemes.com/demo/angio/demo1/videos/index.html]
[rascalsthemes.com/demo/angio/demo1/wp-json/oembed/1.0/embed2526.json]
[rascalsthemes.com/demo/angio/demo1/wp-json/oembed/1.0/embed99ea]
[rascalsthemes.com/demo/angio/demo1/wp-content/uploads/2020/01/n2-1024x640.jpg]
[rascalsthemes.com/demo/angio/demo1/wp-content/uploads/2020/01/n3-1024x640.jpg]
[rascalsthemes.com/demo/angio/demo1/wp-content/uploads/2020/01/n1-1024x640.jpg]
[rascalsthemes.com/demo/angio/demo1/wp-content/uploads/2019/12/n4-1024x640.jpg]
[rascalsthemes.com/demo/angio/demo1/news/index.html]
[rascalsthemes.com/demo/angio/demo1/news/page/2/index.html]
[rascalsthemes.com/demo/angio/demo1/wp-json/oembed/1.0/embed53c1]
[rascalsthemes.com/demo/angio/demo1/wp-content/uploads/2020/01/n2.jpg]
[rascalsthemes.com/demo/angio/demo1/wp-content/uploads/2020/01/n3.jpg]
[rascalsthemes.com/demo/angio/demo1/wp-content/uploads/2019/12/n4.jpg]
[rascalsthemes.com/demo/angio/demo1/news/news-list/index.html]
[rascalsthemes.com/demo/angio/demo1/wp-json/wp/v2/pages/574.json]
[rascalsthemes.com/demo/angio/demo1/news/news-list/page/2/index.html]
[rascalsthemes.com/demo/angio/demo1/wp-json/oembed/1.0/embed93bc.json]
[rascalsthemes.com/demo/angio/demo1/news/news-big-images/index.html]
[rascalsthemes.com/demo/angio/demo1/wp-json/oembed/1.0/embedb5ad]
[rascalsthemes.com/demo/angio/demo1/wp-content/uploads/2020/10/product7-300x300.jpg]
[rascalsthemes.com/demo/angio/demo1/news/news-big-images/page/2/index.html]
[rascalsthemes.com/demo/angio/demo1/shop/feed/index.html]
[rascalsthemes.com/demo/angio/demo1/wp-content/uploads/2020/10/product-back-300x300.jpg]
[rascalsthemes.com/demo/angio/demo1/wp-content/uploads/2020/10/product5-300x300.jpg]
[rascalsthemes.com/demo/angio/demo1/shop/index5cbb.html]
[rascalsthemes.com/demo/angio/demo1/wp-content/uploads/2020/10/product1-300x300.jpg]
[rascalsthemes.com/demo/angio/demo1/product-category/tops/index.html]
[rascalsthemes.com/demo/angio/demo1/product-category/clothing/index.html]
[rascalsthemes.com/demo/angio/demo1/shop/index8637.html]
[rascalsthemes.com/demo/angio/demo1/wp-content/uploads/2020/10/product2-300x300.jpg]
[rascalsthemes.com/demo/angio/demo1/product/solid-black-top/index.html]
[rascalsthemes.com/demo/angio/demo1/wp-content/uploads/2020/10/product6-300x300.jpg]
[rascalsthemes.com/demo/angio/demo1/product/circles/index.html]
[rascalsthemes.com/demo/angio/demo1/product-category/music/singles/index.html]
[rascalsthemes.com/demo/angio/demo1/shop/index2456.html]
[rascalsthemes.com/demo/angio/demo1/wp-content/uploads/2020/10/product6-b-300x300.jpg]
[rascalsthemes.com/demo/angio/demo1/product-category/music/vinyls/index.html]
[rascalsthemes.com/demo/angio/demo1/wp-content/uploads/2020/10/product4-300x300.jpg]
[rascalsthemes.com/demo/angio/demo1/shop/index.html]
[rascalsthemes.com/demo/angio/demo1/product/helmet/index.html]
[rascalsthemes.com/demo/angio/demo1/product/stylish-black-shirt/index.html]
[rascalsthemes.com/demo/angio/demo1/shop/index5bce.html]
[rascalsthemes.com/demo/angio/demo1/product-category/music/albums/index.html]
[rascalsthemes.com/demo/angio/demo1/product-category/dresses/index.html]
[rascalsthemes.com/demo/angio/demo1/wp-json/wp/v2/pages/1022.json]
[rascalsthemes.com/demo/angio/demo1/shop/indexace6.html]
[rascalsthemes.com/demo/angio/demo1/wp-json/oembed/1.0/embedb276.json]
[rascalsthemes.com/demo/angio/demo1/wp-json/oembed/1.0/embed8547]
[rascalsthemes.com/demo/angio/demo1/wp-content/uploads/2020/09/about-bg.jpg]
[rascalsthemes.com/demo/angio/demo1/angio/index.html]
[rascalsthemes.com/demo/angio/demo1/wp-content/uploads/2020/09/Signature.png]
[rascalsthemes.com/demo/angio/demo1/contact/index.html]
[rascalsthemes.com/demo/angio/demo1/wp-json/oembed/1.0/embed04bf.json]
[rascalsthemes.com/demo/angio/demo1/layouts/simple-title/index.html]
[rascalsthemes.com/demo/angio/demo1/wp-json/oembed/1.0/embed3bf1]
[rascalsthemes.com/demo/angio/demo1/layouts/fullscreen-scroll/index.html]
[rascalsthemes.com/demo/angio/demo1/wp-json/wp/v2/pages/474.json]
[rascalsthemes.com/demo/angio/demo1/wp-json/oembed/1.0/embed2b39.json]
[rascalsthemes.com/demo/angio/demo1/wp-json/oembed/1.0/embed9c60]
[rascalsthemes.com/demo/angio/audio/6.mp3]
[rascalsthemes.com/demo/angio/demo1/layouts/fullscreen-scroll-smooth-move-fx/index.html]
[rascalsthemes.com/demo/angio/demo1/wp-json/wp/v2/pages/482.json]
[rascalsthemes.com/demo/angio/demo1/layouts/fullscreen-scroll-glitch-fx/index.html]
[rascalsthemes.com/demo/angio/demo1/wp-json/oembed/1.0/embed1790]
[fonts.googleapis.com/css1dba.css]
[fonts.gstatic.com/index.html]
[rascalsthemes.com/demo/angio/demo1/index7aa0.html]
[rascalsthemes.com/demo/angio/demo1/album/empire-state/index.html]
[rascalsthemes.com/demo/angio/demo1/wp-json/oembed/1.0/embed64a1]
[rascalsthemes.com/demo/angio/demo1/wp-json/wp/v2/angio_albums/179.json]
[rascalsthemes.com/demo/angio/demo1/album/astroworld/feed/index.html]
[rascalsthemes.com/demo/angio/demo1/wp-json/oembed/1.0/embedf3ab.json]
[rascalsthemes.com/demo/angio/demo1/wp-json/oembed/1.0/embed53ee]
[rascalsthemes.com/demo/angio/demo1/wp-content/uploads/2020/01/hd-album5-bg.jpg]
[player.vimeo.com/api/player.js]
[rascalsthemes.com/demo/angio/demo1/album/astroworld/index.html]
[rascalsthemes.com/demo/angio/demo1/wp-includes/js/comment-reply.mind1c0.js]
[rascalsthemes.com/demo/angio/demo1/album/call-to-mind/feed/index.html]
[rascalsthemes.com/demo/angio/demo1/wp-json/oembed/1.0/embed7cd3]
[rascalsthemes.com/demo/angio/demo1/album/call-to-mind/index.html]
[rascalsthemes.com/demo/angio/demo1/wp-content/uploads/2020/02/hd-album4-bg.jpg]
[rascalsthemes.com/demo/angio/demo1/wp-json/wp/v2/angio_albums/254.json]
[rascalsthemes.com/demo/angio/demo1/album/city-life/feed/index.html]
[rascalsthemes.com/demo/angio/demo1/wp-json/oembed/1.0/embed731e]
[rascalsthemes.com/demo/angio/demo1/album/city-life/index.html]
[rascalsthemes.com/demo/angio/demo1/wp-content/uploads/2020/02/hd-album3-bg.jpg]
[rascalsthemes.com/demo/angio/demo1/wp-json/wp/v2/angio_albums/246.json]
[rascalsthemes.com/demo/angio/demo1/album/submission/feed/index.html]
[rascalsthemes.com/demo/angio/demo1/album/submission/index.html]
[rascalsthemes.com/demo/angio/demo1/wp-json/oembed/1.0/embed1086]
[rascalsthemes.com/demo/angio/demo1/wp-json/wp/v2/pages/993.json]
[rascalsthemes.com/demo/angio/demo1/wp-json/oembed/1.0/embedd58c.json]
[rascalsthemes.com/demo/angio/demo1/home-fullscreen-menu/index.html]
[rascalsthemes.com/demo/angio/demo1/indexb6d0.html]
[rascalsthemes.com/demo/angio/demo1/wp-json/oembed/1.0/embede486]
[rascalsthemes.com/demo/angio/demo1/wp-json/oembed/1.0/embed815d]
[rascalsthemes.com/demo/angio/demo1/wp-json/wp/v2/pages/1009]
[rascalsthemes.com/demo/angio/demo1/wp-content/plugins/woocommerce/assets/js/frontend/country-select.minea26.js]
[rascalsthemes.com/demo/angio/demo1/wp-content/plugins/woocommerce/assets/js/frontend/address-i18n.minea26.js]
[rascalsthemes.com/demo/angio/demo1/wp-content/plugins/woocommerce/assets/js/frontend/cart.minea26.js]
[rascalsthemes.com/demo/angio/demo1/wp-json/wp/v2/pages/1082.json]
[rascalsthemes.com/demo/angio/demo1/wp-content/plugins/woocommerce/assets/js/selectWoo/selectWoo.full.min510c.js]
[rascalsthemes.com/demo/angio/demo1/cart/index.html]
[rascalsthemes.com/demo/angio/demo1/checkout/index.html]
[rascalsthemes.com/demo/angio/demo1/wp-json/oembed/1.0/embed255c]
[rascalsthemes.com/demo/angio/demo1/wp-json/wp/v2/pages/537.json]
[rascalsthemes.com/demo/angio/demo1/home-albums-slider-2/index.html]
[rascalsthemes.com/demo/angio/demo1/wp-json/oembed/1.0/embed1cf1]
[rascalsthemes.com/demo/angio/demo1/wp-json/wp/v2/pages/443.json]
[rascalsthemes.com/demo/angio/demo1/wp-json/oembed/1.0/embede2c0.json]
[rascalsthemes.com/demo/angio/demo1/layouts/index.html]
[rascalsthemes.com/demo/angio/demo1/wp-json/oembed/1.0/embed42c9]
[rascalsthemes.com/demo/angio/demo1/wp-content/plugins/woocommerce/assets/js/frontend/account-i18n.minea26.js]
[rascalsthemes.com/demo/angio/demo1/wp-json/wp/v2/pages/1084.json]
[rascalsthemes.com/demo/angio/demo1/wp-json/oembed/1.0/embed3096.json]
[rascalsthemes.com/demo/angio/demo1/my-account/index.html]
[rascalsthemes.com/demo/angio/demo1/wp-json/oembed/1.0/embede5e3]
[rascalsthemes.com/demo/angio/demo1/privacy-policy-2/feed/index.html]
[rascalsthemes.com/demo/angio/demo1/wp-json/wp/v2/pages/1025.json]
[rascalsthemes.com/demo/angio/demo1/my-account/lost-password/index.html]
[rascalsthemes.com/demo/angio/demo1/wp-json/oembed/1.0/embed2c51.json]
[rascalsthemes.com/demo/angio/demo1/privacy-policy-2/index.html]
[rascalsthemes.com/demo/angio/demo1/wp-json/oembed/1.0/embed6212]
[rascalsthemes.com/demo/angio/demo1/wp-json/wp/v2/pages/2.json]
[rascalsthemes.com/demo/angio/demo1/sample-page/feed/index.html]
[rascalsthemes.com/demo/angio/demo1/sample-page/index.html]
[rascalsthemes.com/demo/angio/demo1/indexd89d.html]
[rascalsthemes.com/demo/angio/demo1/wp-json/oembed/1.0/embedec9f]
[rascalsthemes.com/demo/angio/demo1/album/space-trap/feed/index.html]
[rascalsthemes.com/demo/angio/demo1/wp-json/wp/v2/angio_albums/257.json]
[rascalsthemes.com/demo/angio/demo1/wp-json/oembed/1.0/embed7bc3.json]
[rascalsthemes.com/demo/angio/demo1/wp-json/oembed/1.0/embedaa50]
[rascalsthemes.com/demo/angio/demo1/album/space-trap/index.html]
[rascalsthemes.com/demo/angio/demo1/wp-content/uploads/2020/02/hd-album6-bg.jpg]
[rascalsthemes.com/demo/angio/demo1/indexbc2b.html]
[rascalsthemes.com/demo/angio/demo1/index2bcd.html]
[rascalsthemes.com/demo/angio/demo1/wp-json/oembed/1.0/embed4ae2]
[rascalsthemes.com/demo/angio/demo1/wp-json/wp/v2/pages/596]
[rascalsthemes.com/demo/angio/demo1/wp-json/oembed/1.0/embed8ded]
[rascalsthemes.com/demo/angio/demo1/wp-json/wp/v2/angio_events/215.json]
[rascalsthemes.com/demo/angio/demo1/event/fabric-ricardo-el-sonido-2/feed/index.html]
[rascalsthemes.com/demo/angio/demo1/wp-json/oembed/1.0/embeddd3f.json]
[rascalsthemes.com/demo/angio/demo1/wp-content/uploads/2020/08/hd1-1024x576.jpg]
[rascalsthemes.com/demo/angio/demo1/event/fabric-ricardo-el-sonido-2/index.html]
[rascalsthemes.com/demo/angio/demo1/wp-json/wp/v2/angio_events/202.json]
[rascalsthemes.com/demo/angio/demo1/event/the-neon-club/feed/index.html]
[rascalsthemes.com/demo/angio/demo1/event/the-neon-club/index.html]
[rascalsthemes.com/demo/angio/demo1/wp-json/oembed/1.0/embed801c]
[rascalsthemes.com/demo/angio/demo1/wp-json/wp/v2/angio_events/198.json]
[rascalsthemes.com/demo/angio/demo1/event/color-party/feed/index.html]
[rascalsthemes.com/demo/angio/demo1/wp-json/oembed/1.0/embedca9b.json]
[rascalsthemes.com/demo/angio/demo1/wp-json/oembed/1.0/embeded87]
[rascalsthemes.com/demo/angio/demo1/event/color-party/index.html]
[rascalsthemes.com/demo/angio/demo1/wp-content/uploads/2020/09/hd5-1024x576.jpg]
[rascalsthemes.com/demo/angio/demo1/wp-json/wp/v2/angio_events/205.json]
[rascalsthemes.com/demo/angio/demo1/event/narcoza-festival/index.html]
[rascalsthemes.com/demo/angio/demo1/wp-json/oembed/1.0/embede166]
[rascalsthemes.com/demo/angio/demo1/event/modern-city/feed/index.html]
[rascalsthemes.com/demo/angio/demo1/wp-json/wp/v2/angio_events/212.json]
[rascalsthemes.com/demo/angio/demo1/event/modern-city/index.html]
[rascalsthemes.com/demo/angio/demo1/wp-json/oembed/1.0/embedea53]
[rascalsthemes.com/demo/angio/demo1/wp-json/wp/v2/angio_events/156.json]
[rascalsthemes.com/demo/angio/demo1/event/retrowave-festival/feed/index.html]
[rascalsthemes.com/demo/angio/demo1/wp-json/oembed/1.0/embedcd6e.json]
[rascalsthemes.com/demo/angio/demo1/wp-json/oembed/1.0/embeda343]
[rascalsthemes.com/demo/angio/demo1/event/retrowave-festival/index.html]
[rascalsthemes.com/demo/angio/demo1/wp-content/uploads/2020/08/hd2-1024x576.jpg]
[rascalsthemes.com/demo/angio/demo1/wp-json/wp/v2/angio_events/209.json]
[rascalsthemes.com/demo/angio/demo1/event/fabric-ricardo-el-sonido/feed/index.html]
[rascalsthemes.com/demo/angio/demo1/event/fabric-ricardo-el-sonido/index.html]
[rascalsthemes.com/demo/angio/demo1/wp-json/oembed/1.0/embeda47e]
[rascalsthemes.com/demo/angio/demo1/end-of-year-mixtape/index.html]
[rascalsthemes.com/demo/angio/demo1/new-york-style/index.html]
[rascalsthemes.com/demo/angio/demo1/best-sneakers-for-man/index.html]
[rascalsthemes.com/demo/angio/demo1/black-and-orange-wireless-headset/feed/index.html]
[rascalsthemes.com/demo/angio/demo1/wp-json/oembed/1.0/embed27e2.json]
[rascalsthemes.com/demo/angio/demo1/black-and-orange-wireless-headset/index.html]
[rascalsthemes.com/demo/angio/demo1/wp-json/oembed/1.0/embedfc90]
[rascalsthemes.com/demo/angio/demo1/music-video-blocks/feed/index.html]
[rascalsthemes.com/demo/angio/demo1/wp-json/wp/v2/posts/8.json]
[rascalsthemes.com/demo/angio/demo1/wp-json/oembed/1.0/embed2210.json]
[secure.gravatar.com/avatar/3992a8f0bad6c1608ee08f4e0c3bb5b2de35.jpg]
[rascalsthemes.com/demo/angio/demo1/wp-json/oembed/1.0/embed27aa]
[secure.gravatar.com/avatar/8ac8370530226334da874e80e9777be9de35.jpeg]
[secure.gravatar.com/avatar/f1cf7c1a76fb57a80dd7af7688d47abfde35.jpeg]
[rascalsthemes.com/demo/angio/demo1/music-video-blocks/index.html]
[rascalsthemes.com/demo/angio/demo1/new-program-for-musicians/index.html]
[rascalsthemes.com/demo/angio/demo1/2019/12/index.html]
[rascalsthemes.com/demo/angio/demo1/music-video-blocks/index6f0d.html]
[rascalsthemes.com/demo/angio/demo1/2019/11/index.html]
[rascalsthemes.com/demo/angio/demo1/wp-content/uploads/2019/11/n5-1024x640.jpg]
[rascalsthemes.com/demo/angio/demo1/wp-content/uploads/2019/11/n6-1024x640.jpg]
[rascalsthemes.com/demo/angio/demo1/2019/04/index.html]
[rascalsthemes.com/demo/angio/demo1/music-video-blocks/indexb951.html]
[rascalsthemes.com/demo/angio/demo1/2020/01/index.html]
[rascalsthemes.com/demo/angio/demo1/category/fashion/index.html]
[rascalsthemes.com/demo/angio/demo1/wp-json/wp/v2/categories/2.json]
[rascalsthemes.com/demo/angio/demo1/category/fashion/feed/index.html]
[rascalsthemes.com/demo/angio/demo1/category/reviews/index.html]
[rascalsthemes.com/demo/angio/demo1/wp-json/wp/v2/categories/3.json]
[rascalsthemes.com/demo/angio/demo1/category/reviews/feed/index.html]
[rascalsthemes.com/demo/angio/demo1/category/uncategorized/index.html]
[rascalsthemes.com/demo/angio/demo1/category/reviews/page/2/index.html]
[rascalsthemes.com/demo/angio/demo1/category/uncategorized/feed/index.html]
[rascalsthemes.com/demo/angio/demo1/tag/fashion/feed/index.html]
[rascalsthemes.com/demo/angio/demo1/tag/fashion/index.html]
[rascalsthemes.com/demo/angio/demo1/wp-json/wp/v2/tags/5.json]
[rascalsthemes.com/demo/angio/demo1/tag/mixtape/index.html]
[rascalsthemes.com/demo/angio/demo1/wp-json/wp/v2/tags/7.json]
[rascalsthemes.com/demo/angio/demo1/tag/mixtape/feed/index.html]
[rascalsthemes.com/demo/angio/demo1/tag/new-york/index.html]
[rascalsthemes.com/demo/angio/demo1/wp-json/wp/v2/tags/8.json]
[rascalsthemes.com/demo/angio/demo1/tag/new-york/feed/index.html]
[rascalsthemes.com/demo/angio/demo1/tag/sneakers/index.html]
[rascalsthemes.com/demo/angio/demo1/wp-json/wp/v2/tags/9.json]
[rascalsthemes.com/demo/angio/demo1/tag/sneakers/feed/index.html]
[rascalsthemes.com/demo/angio/demo1/tag/soundcloud/index.html]
[rascalsthemes.com/demo/angio/demo1/index3ba5.html]
[rascalsthemes.com/demo/angio/demo1/tag/soundcloud/feed/index.html]
[rascalsthemes.com/demo/angio/demo1/wp-json/wp/v2/tags/10.json]
[rascalsthemes.com/demo/angio/demo1/tag/soundcloud/page/2/index.html]
[rascalsthemes.com/demo/angio/demo1/wp-json/oembed/1.0/embed6102]
[rascalsthemes.com/demo/angio/demo1/wp-json/wp/v2/pages/671]
[rascalsthemes.com/demo/angio/demo1/dates-horizontal/index.html]
[rascalsthemes.com/demo/angio/demo1/wp-json/oembed/1.0/embed0eec.json]
[rascalsthemes.com/demo/angio/demo1/wp-json/oembed/1.0/embed5d84.json]
[rascalsthemes.com/demo/angio/demo1/wp-json/oembed/1.0/embed924f]
[rascalsthemes.com/demo/angio/demo1/photos/index.html]
[rascalsthemes.com/demo/angio/demo1/wp-content/uploads/2020/09/parallax-layer1-3-836x522.png]
[rascalsthemes.com/demo/angio/demo1/index6c15.html]
[rascalsthemes.com/demo/angio/demo1/wp-json/oembed/1.0/embed51c7]
[rascalsthemes.com/demo/angio/demo1/wp-json/oembed/1.0/embed017f]
[rascalsthemes.com/demo/angio/demo1/wp-json/wp/v2/pages/491.json]
[rascalsthemes.com/demo/angio/demo1/photos/photos-2-columns/index.html]
[rascalsthemes.com/demo/angio/demo1/indexdba8.html]
[rascalsthemes.com/demo/angio/demo1/wp-json/oembed/1.0/embed053e]
[rascalsthemes.com/demo/angio/demo1/wp-json/wp/v2/pages/323.json]
[rascalsthemes.com/demo/angio/demo1/wp-json/oembed/1.0/embedad16.json]
[rascalsthemes.com/demo/angio/demo1/videos/index.html]
[rascalsthemes.com/demo/angio/demo1/indexc1f6.html]
[rascalsthemes.com/demo/angio/demo1/news/page/2/index.html]
[rascalsthemes.com/demo/angio/demo1/index273a.html]
[rascalsthemes.com/demo/angio/demo1/wp-json/oembed/1.0/embed0a28]
[rascalsthemes.com/demo/angio/demo1/wp-content/uploads/2019/11/n6.jpg]
[rascalsthemes.com/demo/angio/demo1/news/news-list/page/2/index.html]
[rascalsthemes.com/demo/angio/demo1/indexfe50.html]
[rascalsthemes.com/demo/angio/demo1/news/news-big-images/page/2/index.html]
[rascalsthemes.com/demo/angio/demo1/shop/index5cbb.html]
[rascalsthemes.com/demo/angio/demo1/wp-json/wp/v2/pages/436]
[rascalsthemes.com/demo/angio/demo1/wp-json/wp/v2/pages/572]
[rascalsthemes.com/demo/angio/demo1/cart/indexccfe.html]
[rascalsthemes.com/demo/angio/demo1/wp-json/oembed/1.0/embed3d4b]
[rascalsthemes.com/demo/angio/demo1/product-category/clothing/index.html]
[rascalsthemes.com/demo/angio/demo1/product-category/clothing/index8637.html]
[rascalsthemes.com/demo/angio/demo1/product-category/clothing/indexace6.html]
[rascalsthemes.com/demo/angio/demo1/product-category/tops/feed/index.html]
[rascalsthemes.com/demo/angio/demo1/product-category/tops/index.html]
[rascalsthemes.com/demo/angio/demo1/wp-json/wp/v2/product_cat/49.json]
[rascalsthemes.com/demo/angio/demo1/shop/index8637.html]
[rascalsthemes.com/demo/angio/demo1/product-category/tops/indexace6.html]
[rascalsthemes.com/demo/angio/demo1/product-category/tops/index5cbb.html]
[rascalsthemes.com/demo/angio/demo1/product-category/tops/index8637.html]
[rascalsthemes.com/demo/angio/demo1/wp-content/plugins/woocommerce/assets/js/flexslider/jquery.flexslider.min1e59.js]
[rascalsthemes.com/demo/angio/demo1/wp-content/plugins/woocommerce/assets/js/photoswipe/photoswipe.min2d1c.js]
[rascalsthemes.com/demo/angio/demo1/wp-content/plugins/woocommerce/assets/js/photoswipe/photoswipe-ui-default.min2d1c.js]
[rascalsthemes.com/demo/angio/demo1/wp-content/plugins/woocommerce/assets/js/frontend/single-product.minea26.js]
[rascalsthemes.com/demo/angio/demo1/wp-json/wp/v2/product/1091.json]
[rascalsthemes.com/demo/angio/demo1/wp-json/oembed/1.0/embedbc8c]
[rascalsthemes.com/demo/angio/demo1/wp-content/uploads/2020/10/product5.jpg]
[rascalsthemes.com/demo/angio/demo1/wp-content/uploads/2020/10/product5-600x600.jpg]
[rascalsthemes.com/demo/angio/demo1/wp-content/uploads/2020/10/product-back.jpg]
[rascalsthemes.com/demo/angio/demo1/wp-content/uploads/2020/10/product-back-600x600.jpg]
[rascalsthemes.com/demo/angio/demo1/product/solid-black-top/index.html]
[rascalsthemes.com/demo/angio/demo1/shop/index2456.html]
[rascalsthemes.com/demo/angio/demo1/product/solid-black-top/index5cbb.html]
[rascalsthemes.com/demo/angio/demo1/wp-json/wp/v2/product/1090.json]
[rascalsthemes.com/demo/angio/demo1/product/circles/feed/index.html]
[rascalsthemes.com/demo/angio/demo1/wp-json/oembed/1.0/embed6e03.json]
[rascalsthemes.com/demo/angio/demo1/wp-json/oembed/1.0/embed359a]
[rascalsthemes.com/demo/angio/demo1/wp-content/uploads/2020/10/product1.jpg]
[rascalsthemes.com/demo/angio/demo1/wp-content/uploads/2020/10/product1-600x600.jpg]
[rascalsthemes.com/demo/angio/demo1/wp-content/uploads/2020/10/product3-300x300.jpg]
[rascalsthemes.com/demo/angio/demo1/product/circles/index.html]
[rascalsthemes.com/demo/angio/demo1/product-category/music/index.html]
[rascalsthemes.com/demo/angio/demo1/product/circles/index3093.html]
[rascalsthemes.com/demo/angio/demo1/product/spiral/index.html]
[rascalsthemes.com/demo/angio/demo1/product-category/music/singles/index.html]
[rascalsthemes.com/demo/angio/demo1/product-tag/bass/index.html]
[rascalsthemes.com/demo/angio/demo1/product-category/music/vinyls/index.html]
[rascalsthemes.com/demo/angio/demo1/product/circles/index5bce.html]
[rascalsthemes.com/demo/angio/demo1/product-category/music/singles/feed/index.html]
[rascalsthemes.com/demo/angio/demo1/shop/index5bce.html]
[rascalsthemes.com/demo/angio/demo1/product-category/music/singles/index2456.html]
[rascalsthemes.com/demo/angio/demo1/product-category/music/vinyls/feed/index.html]
[rascalsthemes.com/demo/angio/demo1/product-category/music/vinyls/index2456.html]
[rascalsthemes.com/demo/angio/demo1/product/helmet/feed/index.html]
[rascalsthemes.com/demo/angio/demo1/wp-json/wp/v2/product/1092.json]
[rascalsthemes.com/demo/angio/demo1/wp-json/oembed/1.0/embed7039.json]
[rascalsthemes.com/demo/angio/demo1/wp-json/oembed/1.0/embed8233]
[rascalsthemes.com/demo/angio/demo1/wp-content/uploads/2020/10/product2.jpg]
[rascalsthemes.com/demo/angio/demo1/wp-content/uploads/2020/10/product2-600x600.jpg]
[rascalsthemes.com/demo/angio/demo1/product/helmet/index.html]
[rascalsthemes.com/demo/angio/demo1/product/helmet/index2456.html]
[rascalsthemes.com/demo/angio/demo1/product-category/music/albums/feed/index.html]
[rascalsthemes.com/demo/angio/demo1/product/helmet/index3093.html]
[rascalsthemes.com/demo/angio/demo1/product-category/music/albums/index.html]
[rascalsthemes.com/demo/angio/demo1/wp-json/wp/v2/product_cat/45.json]
[rascalsthemes.com/demo/angio/demo1/wp-json/wp/v2/product/1087.json]
[rascalsthemes.com/demo/angio/demo1/product/stylish-black-shirt/feed/index.html]
[rascalsthemes.com/demo/angio/demo1/product-category/music/albums/index5bce.html]
[rascalsthemes.com/demo/angio/demo1/product-category/music/albums/index3093.html]
[rascalsthemes.com/demo/angio/demo1/wp-json/oembed/1.0/embed313b.json]
[rascalsthemes.com/demo/angio/demo1/wp-json/oembed/1.0/embed8afa]
[rascalsthemes.com/demo/angio/demo1/wp-content/uploads/2020/10/product6.jpg]
[rascalsthemes.com/demo/angio/demo1/wp-content/uploads/2020/10/product6-600x600.jpg]
[rascalsthemes.com/demo/angio/demo1/wp-content/uploads/2020/10/product6-b.jpg]
[rascalsthemes.com/demo/angio/demo1/wp-content/uploads/2020/10/product6-b-600x600.jpg]
[rascalsthemes.com/demo/angio/demo1/wp-includes/js/underscore.min3ab8.js]
[rascalsthemes.com/demo/angio/demo1/wp-includes/js/wp-util.mind1c0.js]
[rascalsthemes.com/demo/angio/demo1/product/stylish-black-shirt/index.html]
[rascalsthemes.com/demo/angio/demo1/wp-content/plugins/woocommerce/assets/js/frontend/add-to-cart-variation.minea26.js]
[rascalsthemes.com/demo/angio/demo1/product/stylish-black-shirt/indexace6.html]
[rascalsthemes.com/demo/angio/demo1/product-category/dresses/index.html]
[rascalsthemes.com/demo/angio/demo1/shop/indexace6.html]
[rascalsthemes.com/demo/angio/demo1/wp-json/wp/v2/product_cat/40.json]
[rascalsthemes.com/demo/angio/demo1/product-category/dresses/feed/index.html]
[rascalsthemes.com/demo/angio/demo1/product/black-open-front-long-sleeve-knit-cardigan/index.html]
[rascalsthemes.com/demo/angio/demo1/indexb703.html]
[rascalsthemes.com/demo/angio/demo1/shop/page/2/index.html]
[rascalsthemes.com/demo/angio/demo1/wp-content/plugins/elementor/assets/lib/animations/styles/slideInUp.min18be.css]
[rascalsthemes.com/demo/angio/demo1/wp-content/plugins/elementor/assets/css/widget-heading.min18be.css]
[rascalsthemes.com/demo/angio/demo1/wp-content/plugins/elementor/assets/css/widget-text-editor.min18be.css]
[rascalsthemes.com/demo/angio/demo1/wp-json/wp/v2/pages/72.json]
[rascalsthemes.com/demo/angio/demo1/wp-json/oembed/1.0/embed313e]
[rascalsthemes.com/demo/angio/demo1/wp-content/plugins/elementor/assets/js/webpack.runtime.min18be.js]
[rascalsthemes.com/demo/angio/demo1/wp-content/plugins/elementor/assets/js/frontend-modules.min18be.js]
[rascalsthemes.com/demo/angio/demo1/wp-includes/js/jquery/ui/core.minb37e.js]
[rascalsthemes.com/demo/angio/demo1/contact/index.html]
[rascalsthemes.com/demo/angio/demo1/index06d3.html]
[rascalsthemes.com/demo/angio/demo1/wp-content/plugins/elementor/assets/js/frontend.min18be.js]
[rascalsthemes.com/demo/angio/demo1/layouts/center-image/index.html]
[rascalsthemes.com/demo/angio/demo1/wp-json/wp/v2/pages/459.json]
[rascalsthemes.com/demo/angio/demo1/layouts/fullscreen-scroll/index.html]
[rascalsthemes.com/demo/angio/demo1/indexb7bc.html]
[rascalsthemes.com/demo/angio/demo1/index54a8.html]
[rascalsthemes.com/demo/angio/demo1/wp-json/oembed/1.0/embedb1fb]
[rascalsthemes.com/demo/angio/demo1/wp-json/oembed/1.0/embed3a72]
[rascalsthemes.com/demo/angio/demo1/layouts/fullscreen-scroll-perspective-fx/index.html]
[rascalsthemes.com/demo/angio/demo1/wp-json/wp/v2/angio_albums/240.json]
[rascalsthemes.com/demo/angio/demo1/album/empire-state/feed/index.html]
[rascalsthemes.com/demo/angio/demo1/wp-json/oembed/1.0/embedecd7.json]
[rascalsthemes.com/demo/angio/demo1/album/empire-state/index.html]
[rascalsthemes.com/demo/angio/demo1/album/astroworld/feed/index.html]
[rascalsthemes.com/demo/angio/demo1/indexccf8.html]
[rascalsthemes.com/demo/angio/demo1/album/call-to-mind/feed/index.html]
[rascalsthemes.com/demo/angio/demo1/indexa943.html]
[rascalsthemes.com/demo/angio/demo1/album/city-life/feed/index.html]
[rascalsthemes.com/demo/angio/demo1/index6233.html]
[rascalsthemes.com/demo/angio/demo1/album/submission/feed/index.html]
[rascalsthemes.com/demo/angio/demo1/index88a0.html]
[rascalsthemes.com/demo/angio/demo1/wp-json/oembed/1.0/embed8266]
[rascalsthemes.com/demo/angio/demo1/index5aa6.html]
[rascalsthemes.com/demo/angio/demo1/wp-json/wp/v2/angio_albums/252]
[rascalsthemes.com/demo/angio/demo1/wp-json/oembed/1.0/embed82af]
[rascalsthemes.com/demo/angio/demo1/wp-json/oembed/1.0/embedb9f7]
[rascalsthemes.com/demo/angio/demo1/wp-json/oembed/1.0/embed4777]
[rascalsthemes.com/demo/angio/demo1/indexe0b1.html]
[rascalsthemes.com/demo/angio/demo1/index8e49.html]
[rascalsthemes.com/demo/angio/demo1/wp-admin/js/password-strength-meter.mind1c0.js]
[rascalsthemes.com/demo/angio/demo1/wp-content/plugins/woocommerce/assets/js/frontend/password-strength-meter.minea26.js]
[rascalsthemes.com/demo/angio/demo1/my-account/lost-password/index.html]
[rascalsthemes.com/demo/angio/demo1/index0c42.html]
[rascalsthemes.com/demo/angio/demo1/index905b.html]
[rascalsthemes.com/demo/angio/demo1/wp-content/plugins/woocommerce/assets/js/frontend/lost-password.minea26.js]
[rascalsthemes.com/demo/angio/demo1/wp-json/oembed/1.0/embed6c40]
[rascalsthemes.com/demo/angio/demo1/wp-admin/index.html]
[rascalsthemes.com/demo/angio/demo1/album/space-trap/feed/index.html]
[rascalsthemes.com/demo/angio/demo1/index548d.html]
[rascalsthemes.com/demo/angio/demo1/event/fabric-ricardo-el-sonido-2/feed/index.html]
[rascalsthemes.com/demo/angio/demo1/indexd7c9.html]
[rascalsthemes.com/demo/angio/demo1/event/the-neon-club/feed/index.html]
[rascalsthemes.com/demo/angio/demo1/index6452.html]
[rascalsthemes.com/demo/angio/demo1/event/color-party/feed/index.html]
[rascalsthemes.com/demo/angio/demo1/indexd1c3.html]
[rascalsthemes.com/demo/angio/demo1/wp-logincf32.html]
[rascalsthemes.com/demo/angio/demo1/event/modern-city/feed/index.html]
[rascalsthemes.com/demo/angio/demo1/index905c.html]
[rascalsthemes.com/demo/angio/demo1/event/retrowave-festival/feed/index.html]
[rascalsthemes.com/demo/angio/demo1/indexd1a7.html]
[rascalsthemes.com/demo/angio/demo1/event/fabric-ricardo-el-sonido/feed/index.html]
[rascalsthemes.com/demo/angio/demo1/index4e6a.html]
[rascalsthemes.com/demo/angio/demo1/wp-json/oembed/1.0/embedfc86]
[rascalsthemes.com/demo/angio/demo1/event/narcoza-festival/feed/index.html]
[rascalsthemes.com/demo/angio/demo1/wp-json/oembed/1.0/embedfd43]
[rascalsthemes.com/demo/angio/demo1/wp-json/oembed/1.0/embedee7b.json]
[rascalsthemes.com/demo/angio/demo1/end-of-year-mixtape/index.html]
[rascalsthemes.com/demo/angio/demo1/wp-json/oembed/1.0/embed2dca]
[rascalsthemes.com/demo/angio/demo1/end-of-year-mixtape/indexf970.html]
[rascalsthemes.com/demo/angio/demo1/end-of-year-mixtape/index954a.html]
[rascalsthemes.com/demo/angio/demo1/end-of-year-mixtape/index745d.html]
[rascalsthemes.com/demo/angio/demo1/wp-json/wp/v2/posts/118.json]
[rascalsthemes.com/demo/angio/demo1/new-york-style/feed/index.html]
[rascalsthemes.com/demo/angio/demo1/wp-json/oembed/1.0/embed32a3.json]
[rascalsthemes.com/demo/angio/demo1/new-york-style/index.html]
[rascalsthemes.com/demo/angio/demo1/wp-json/oembed/1.0/embed53b3]
[rascalsthemes.com/demo/angio/demo1/new-york-style/indexfaf1.html]
[rascalsthemes.com/demo/angio/demo1/new-york-style/index1dff.html]
[rascalsthemes.com/demo/angio/demo1/best-sneakers-for-man/feed/index.html]
[rascalsthemes.com/demo/angio/demo1/wp-json/wp/v2/posts/111.json]
[rascalsthemes.com/demo/angio/demo1/wp-json/oembed/1.0/embedd6b0.json]
[rascalsthemes.com/demo/angio/demo1/best-sneakers-for-man/index.html]
[rascalsthemes.com/demo/angio/demo1/indexb6ad.html]
[rascalsthemes.com/demo/angio/demo1/index2df4.html]
[rascalsthemes.com/demo/angio/demo1/best-sneakers-for-man/index5a86.html]
[rascalsthemes.com/demo/angio/demo1/best-sneakers-for-man/index06ab.html]
[rascalsthemes.com/demo/angio/demo1/wp-json/wp/v2/posts/98]
[rascalsthemes.com/demo/angio/demo1/new-program-for-musicians/feed/index.html]
[rascalsthemes.com/demo/angio/demo1/wp-json/oembed/1.0/embed2e5b.json]
[rascalsthemes.com/demo/angio/demo1/new-program-for-musicians/index.html]
[rascalsthemes.com/demo/angio/demo1/wp-json/oembed/1.0/embed2e36]
[rascalsthemes.com/demo/angio/demo1/music-video-blocks/index6f0d.html]
[rascalsthemes.com/demo/angio/demo1/music-video-blocks/indexb951.html]
[rascalsthemes.com/demo/angio/demo1/2020/01/index.html]
[rascalsthemes.com/demo/angio/demo1/category/reviews/page/2/index.html]
[rascalsthemes.com/demo/angio/demo1/new-program-for-musicians/index094c.html]
[rascalsthemes.com/demo/angio/demo1/tag/soundcloud/page/2/index.html]
[rascalsthemes.com/demo/angio/demo1/music-video-blocks/indexa79a.html]
[rascalsthemes.com/demo/angio/demo1/indexc089.html]
[rascalsthemes.com/demo/angio/demo1/new-program-for-musicians/index7c98.html]
[rascalsthemes.com/demo/angio/demo1/wp-json/wp/v2/categories/1]
[rascalsthemes.com/demo/angio/demo1/tag/video/index.html]
[rascalsthemes.com/demo/angio/demo1/index51fe.html]
[rascalsthemes.com/demo/angio/demo1/index2d25.html]
[rascalsthemes.com/demo/angio/demo1/index2807.html]
[rascalsthemes.com/demo/angio/demo1/wp-json/wp/v2/pages/220]
[rascalsthemes.com/demo/angio/demo1/index3cee.html]
[rascalsthemes.com/demo/angio/demo1/cart/indexccfe.html]
[rascalsthemes.com/demo/angio/demo1/product/joker-black-top/index.html]
[rascalsthemes.com/demo/angio/demo1/wp-json/oembed/1.0/embed0040]
[rascalsthemes.com/demo/angio/demo1/wp-json/oembed/1.0/embedc048]
[rascalsthemes.com/demo/angio/demo1/product-category/clothing/index8637.html]
[rascalsthemes.com/demo/angio/demo1/product-category/clothing/indexace6.html]
[rascalsthemes.com/demo/angio/demo1/product-category/tops/index5cbb.html]
[rascalsthemes.com/demo/angio/demo1/product-category/tops/index8637.html]
[rascalsthemes.com/demo/angio/demo1/product-category/tops/indexace6.html]
[rascalsthemes.com/demo/angio/demo1/cart/index857f.html]
[rascalsthemes.com/demo/angio/demo1/product-category/clothing/feed/index.html]
[rascalsthemes.com/demo/angio/demo1/index2f6c.html]
[rascalsthemes.com/demo/angio/demo1/shop/indexaafe.html]
[rascalsthemes.com/demo/angio/demo1/wp-json/wp/v2/product_cat/39]
[rascalsthemes.com/demo/angio/demo1/product/solid-black-top/index5cbb.html]
[rascalsthemes.com/demo/angio/demo1/product/solid-black-top/feed/index.html]
[rascalsthemes.com/demo/angio/demo1/cart/indexb2c7.html]
[rascalsthemes.com/demo/angio/demo1/indexb357.html]
[rascalsthemes.com/demo/angio/demo1/product-category/music/index.html]
[rascalsthemes.com/demo/angio/demo1/product-tag/style/index.html]
[rascalsthemes.com/demo/angio/demo1/product-tag/swag/index.html]
[rascalsthemes.com/demo/angio/demo1/product-category/music/feed/index.html]
[rascalsthemes.com/demo/angio/demo1/wp-json/wp/v2/product_tag/52.json]
[rascalsthemes.com/demo/angio/demo1/product-tag/bass/index.html]
[rascalsthemes.com/demo/angio/demo1/product-category/music/index5bce.html]
[rascalsthemes.com/demo/angio/demo1/product-tag/bass/feed/index.html]
[rascalsthemes.com/demo/angio/demo1/product-category/music/index3093.html]
[rascalsthemes.com/demo/angio/demo1/product/circles/index3093.html]
[rascalsthemes.com/demo/angio/demo1/product-tag/bass/index2456.html]
[rascalsthemes.com/demo/angio/demo1/product-tag/single/index.html]
[rascalsthemes.com/demo/angio/demo1/product/spiral/feed/index.html]
[rascalsthemes.com/demo/angio/demo1/wp-json/oembed/1.0/embed53bf.json]
[rascalsthemes.com/demo/angio/demo1/wp-json/oembed/1.0/embed5dac]
[rascalsthemes.com/demo/angio/demo1/wp-content/uploads/2020/10/product3.jpg]
[rascalsthemes.com/demo/angio/demo1/wp-content/uploads/2020/10/product3-600x600.jpg]
[rascalsthemes.com/demo/angio/demo1/product/spiral/index.html]
[rascalsthemes.com/demo/angio/demo1/product/circles/index5bce.html]
[rascalsthemes.com/demo/angio/demo1/product-category/music/singles/index2456.html]
[rascalsthemes.com/demo/angio/demo1/product-category/music/vinyls/index2456.html]
[rascalsthemes.com/demo/angio/demo1/product/spiral/index5bce.html]
[rascalsthemes.com/demo/angio/demo1/product/spiral/index2456.html]
[rascalsthemes.com/demo/angio/demo1/cart/index88dc.html]
[rascalsthemes.com/demo/angio/demo1/index3b75.html]
[rascalsthemes.com/demo/angio/demo1/wp-json/wp/v2/product_cat/46]
[rascalsthemes.com/demo/angio/demo1/product-category/music/vinyls/index5bce.html]
[rascalsthemes.com/demo/angio/demo1/product/helmet/index2456.html]
[rascalsthemes.com/demo/angio/demo1/product/helmet/index3093.html]
[rascalsthemes.com/demo/angio/demo1/product-category/music/albums/index5bce.html]
[rascalsthemes.com/demo/angio/demo1/product-category/music/albums/index3093.html]
[rascalsthemes.com/demo/angio/demo1/index4413.html]
[rascalsthemes.com/demo/angio/demo1/product-tag/beats/index.html]
[rascalsthemes.com/demo/angio/demo1/product-category/music/vinyls/index3093.html]
[rascalsthemes.com/demo/angio/demo1/product/stylish-black-shirt/indexace6.html]
[rascalsthemes.com/demo/angio/demo1/cart/index5802.html]
[rascalsthemes.com/demo/angio/demo1/product-tag/drum-and-bass/index.html]
[rascalsthemes.com/demo/angio/demo1/product-tag/fashion/index.html]
[rascalsthemes.com/demo/angio/demo1/product/black-open-front-long-sleeve-knit-cardigan/feed/index.html]
[rascalsthemes.com/demo/angio/demo1/wp-json/wp/v2/product/1089.json]
[rascalsthemes.com/demo/angio/demo1/wp-json/oembed/1.0/embed3efd.json]
[rascalsthemes.com/demo/angio/demo1/wp-content/uploads/2020/10/product4.jpg]
[rascalsthemes.com/demo/angio/demo1/wp-content/uploads/2020/10/product4-600x600.jpg]
[rascalsthemes.com/demo/angio/demo1/product/black-open-front-long-sleeve-knit-cardigan/index.html]
[rascalsthemes.com/demo/angio/demo1/shop/page/2/index.html]
[rascalsthemes.com/demo/angio/demo1/product/black-open-front-long-sleeve-knit-cardigan/index8637.html]
[rascalsthemes.com/demo/angio/demo1/indexae74.html]
[rascalsthemes.com/demo/angio/demo1/product/black-open-front-long-sleeve-knit-cardigan/index5cbb.html]
[rascalsthemes.com/demo/angio/demo1/product-tag/knit/index.html]
[rascalsthemes.com/demo/angio/demo1/shop/page/2/index3093.html]
[rascalsthemes.com/demo/angio/demo1/wp-json/oembed/1.0/embed23bc]
[rascalsthemes.com/demo/angio/demo1/wp-json/oembed/1.0/embed6f0a.json]
[rascalsthemes.com/demo/angio/demo1/layouts/center-image/index.html]
[rascalsthemes.com/demo/angio/demo1/index6595.html]
[rascalsthemes.com/demo/angio/demo1/wp-json/oembed/1.0/embed8b18]
[rascalsthemes.com/demo/angio/demo1/wp-json/wp/v2/pages/453]
[rascalsthemes.com/demo/angio/demo1/wp-json/wp/v2/pages/479.json]
[rascalsthemes.com/demo/angio/demo1/wp-json/oembed/1.0/embeda80a.json]
[rascalsthemes.com/demo/angio/demo1/layouts/fullscreen-scroll-perspective-fx/index.html]
[rascalsthemes.com/demo/angio/demo1/album/empire-state/feed/index.html]
[rascalsthemes.com/demo/angio/demo1/indexcfe0.html]
[rascalsthemes.com/demo/angio/demo1/indexfbc0.html]
[rascalsthemes.com/demo/angio/demo1/wp-json/oembed/1.0/embed0e03]
[rascalsthemes.com/demo/angio/demo1/wp-includes/css/dashicons.mind1c0.css]
[rascalsthemes.com/demo/angio/demo1/wp-json/oembed/1.0/embed03f8]
[rascalsthemes.com/demo/angio/demo1/wp-json/oembed/1.0/embed258e]
[rascalsthemes.com/demo/angio/demo1/wp-json/oembed/1.0/embed9985]
[rascalsthemes.com/demo/angio/demo1/wp-includes/css/buttons.mind1c0.css]
[rascalsthemes.com/demo/angio/demo1/wp-admin/css/forms.mind1c0.css]
[rascalsthemes.com/demo/angio/demo1/wp-admin/css/l10n.mind1c0.css]
[rascalsthemes.com/demo/angio/demo1/wp-admin/css/login.mind1c0.css]
[rascalsthemes.com/demo/angio/demo1/wp-loginc2b6.html]
[rascalsthemes.com/demo/angio/demo1/wp-includes/js/clipboard.min3c89.js]
[rascalsthemes.com/demo/angio/demo1/wp-includes/js/dist/dom-ready.min5346.js]
[rascalsthemes.com/demo/angio/demo1/wp-includes/js/dist/a11y.min3f73.js]
[rascalsthemes.com/demo/angio/demo1/wp-logincf32.html]
[rascalsthemes.com/demo/angio/demo1/indexb4ec.html]
[rascalsthemes.com/demo/angio/demo1/event/narcoza-festival/feed/index.html]
[rascalsthemes.com/demo/angio/demo1/indexc140.html]
[rascalsthemes.com/demo/angio/demo1/wp-admin/js/user-profile.mind1c0.js]
[rascalsthemes.com/demo/angio/demo1/index0a10.html]
[rascalsthemes.com/demo/angio/demo1/end-of-year-mixtape/indexf970.html]
[rascalsthemes.com/demo/angio/demo1/end-of-year-mixtape/index954a.html]
[rascalsthemes.com/demo/angio/demo1/end-of-year-mixtape/index745d.html]
[rascalsthemes.com/demo/angio/demo1/indexdb4e.html]
[rascalsthemes.com/demo/angio/demo1/new-york-style/indexfaf1.html]
[rascalsthemes.com/demo/angio/demo1/new-york-style/index1dff.html]
[rascalsthemes.com/demo/angio/demo1/new-york-style/index2320.html]
[rascalsthemes.com/demo/angio/demo1/indexbbbb.html]
[rascalsthemes.com/demo/angio/demo1/wp-json/oembed/1.0/embede065]
[rascalsthemes.com/demo/angio/demo1/best-sneakers-for-man/index5a86.html]
[rascalsthemes.com/demo/angio/demo1/end-of-year-mixtape/feed/index.html]
[rascalsthemes.com/demo/angio/demo1/best-sneakers-for-man/index06ab.html]
[rascalsthemes.com/demo/angio/demo1/indexd4a6.html]
[rascalsthemes.com/demo/angio/demo1/new-program-for-musicians/index094c.html]
[rascalsthemes.com/demo/angio/demo1/wp-json/wp/v2/posts/115]
[rascalsthemes.com/demo/angio/demo1/new-program-for-musicians/index7c98.html]
[rascalsthemes.com/demo/angio/demo1/music-video-blocks/indexa79a.html]
[rascalsthemes.com/demo/angio/demo1/tag/video/index.html]
[rascalsthemes.com/demo/angio/demo1/index156c.html]
[rascalsthemes.com/demo/angio/demo1/new-program-for-musicians/index06b6.html]
[rascalsthemes.com/demo/angio/demo1/wp-json/oembed/1.0/embedf76e]
[rascalsthemes.com/demo/angio/demo1/tag/video/feed/index.html]
[rascalsthemes.com/demo/angio/demo1/wp-json/oembed/1.0/embeddb5d]
[rascalsthemes.com/demo/angio/demo1/wp-json/wp/v2/pages/394]
[rascalsthemes.com/demo/angio/demo1/wp-json/oembed/1.0/embed040e]
[rascalsthemes.com/demo/angio/demo1/wp-json/wp/v2/product/1105.json]
[rascalsthemes.com/demo/angio/demo1/product/joker-black-top/feed/index.html]
[rascalsthemes.com/demo/angio/demo1/wp-json/oembed/1.0/embedfeda]
[rascalsthemes.com/demo/angio/demo1/wp-content/uploads/2020/10/product7.jpg]
[rascalsthemes.com/demo/angio/demo1/wp-content/uploads/2020/10/product7-600x600.jpg]
[rascalsthemes.com/demo/angio/demo1/product/joker-black-top/index.html]
[rascalsthemes.com/demo/angio/demo1/product/joker-black-top/index8637.html]
[rascalsthemes.com/demo/angio/demo1/product/joker-black-top/indexace6.html]
[rascalsthemes.com/demo/angio/demo1/shop/indexaafe.html]
[rascalsthemes.com/demo/angio/demo1/product-category/clothing/index5cbb.html]
[rascalsthemes.com/demo/angio/demo1/product-tag/style/index.html]
[rascalsthemes.com/demo/angio/demo1/shop/page/2/indexaafe.html]
[rascalsthemes.com/demo/angio/demo1/wp-json/oembed/1.0/embed2d6b]
[rascalsthemes.com/demo/angio/demo1/product-tag/style/feed/index.html]
[rascalsthemes.com/demo/angio/demo1/product-tag/swag/index.html]
[rascalsthemes.com/demo/angio/demo1/wp-json/wp/v2/product_tag/43.json]
[rascalsthemes.com/demo/angio/demo1/product-tag/style/indexace6.html]
[rascalsthemes.com/demo/angio/demo1/cart/index22f8.html]
[rascalsthemes.com/demo/angio/demo1/product-tag/swag/index5cbb.html]
[rascalsthemes.com/demo/angio/demo1/product-tag/swag/index8637.html]
[rascalsthemes.com/demo/angio/demo1/product-category/music/index5bce.html]
[rascalsthemes.com/demo/angio/demo1/product-category/music/index3093.html]
[rascalsthemes.com/demo/angio/demo1/product-tag/bass/index2456.html]
[rascalsthemes.com/demo/angio/demo1/product-tag/swag/indexace6.html]
[rascalsthemes.com/demo/angio/demo1/wp-json/wp/v2/product_cat/44]
[rascalsthemes.com/demo/angio/demo1/product-tag/single/index.html]
[rascalsthemes.com/demo/angio/demo1/wp-json/wp/v2/product_tag/54.json]
[rascalsthemes.com/demo/angio/demo1/product-tag/dubstep/index.html]
[rascalsthemes.com/demo/angio/demo1/product/spiral/index5bce.html]
[rascalsthemes.com/demo/angio/demo1/product/spiral/index2456.html]
[rascalsthemes.com/demo/angio/demo1/product-category/music/vinyls/index5bce.html]
[rascalsthemes.com/demo/angio/demo1/product-category/music/vinyls/index3093.html]
[rascalsthemes.com/demo/angio/demo1/product-tag/single/index2456.html]
[rascalsthemes.com/demo/angio/demo1/product-tag/beats/index.html]
[rascalsthemes.com/demo/angio/demo1/wp-json/wp/v2/product/1088]
[rascalsthemes.com/demo/angio/demo1/wp-json/wp/v2/product_cat/51]
[rascalsthemes.com/demo/angio/demo1/product-tag/beats/index5bce.html]
[rascalsthemes.com/demo/angio/demo1/product-tag/drum-and-bass/feed/index.html]
[rascalsthemes.com/demo/angio/demo1/product-tag/drum-and-bass/index.html]
[rascalsthemes.com/demo/angio/demo1/wp-json/wp/v2/product_tag/48.json]
[rascalsthemes.com/demo/angio/demo1/product-tag/drum-and-bass/index3093.html]
[rascalsthemes.com/demo/angio/demo1/product-tag/drum-and-bass/index5bce.html]
[rascalsthemes.com/demo/angio/demo1/product-tag/fashion/index.html]
[rascalsthemes.com/demo/angio/demo1/wp-json/wp/v2/product_tag/41.json]
[rascalsthemes.com/demo/angio/demo1/product-tag/fashion/feed/index.html]
[rascalsthemes.com/demo/angio/demo1/product/stylish-black-shirt/index8637.html]
[rascalsthemes.com/demo/angio/demo1/indexf8dc.html]
[rascalsthemes.com/demo/angio/demo1/product-tag/fashion/index5cbb.html]
[rascalsthemes.com/demo/angio/demo1/product-tag/fashion/indexace6.html]
[rascalsthemes.com/demo/angio/demo1/wp-json/oembed/1.0/embed99f4]
[rascalsthemes.com/demo/angio/demo1/product-tag/knit/index.html]
[rascalsthemes.com/demo/angio/demo1/product/black-open-front-long-sleeve-knit-cardigan/index8637.html]
[rascalsthemes.com/demo/angio/demo1/product/black-open-front-long-sleeve-knit-cardigan/index5cbb.html]
[rascalsthemes.com/demo/angio/demo1/shop/page/2/index3093.html]
[rascalsthemes.com/demo/angio/demo1/shop/page/1/index.html]
[rascalsthemes.com/demo/angio/demo1/wp-json/wp/v2/product_tag/50.json]
[rascalsthemes.com/demo/angio/demo1/product-tag/knit/index5cbb.html]
[rascalsthemes.com/demo/angio/demo1/index5657.html]
[rascalsthemes.com/demo/angio/demo1/wp-json/wp/v2/pages/450]
[rascalsthemes.com/demo/angio/demo1/wp-json/oembed/1.0/embed9d3d]
[rascalsthemes.com/demo/angio/demo1/wp-loginc2b6.html]
[rascalsthemes.com/demo/angio/demo1/new-york-style/index2320.html]
[rascalsthemes.com/demo/angio/demo1/new-program-for-musicians/index06b6.html]
[rascalsthemes.com/demo/angio/demo1/best-sneakers-for-man/indexa82a.html]
[rascalsthemes.com/demo/angio/demo1/index26b0.html]
[rascalsthemes.com/demo/angio/demo1/wp-json/wp/v2/posts/124]
[rascalsthemes.com/demo/angio/demo1/cart/index473e.html]
[rascalsthemes.com/demo/angio/demo1/product/joker-black-top/indexace6.html]
[rascalsthemes.com/demo/angio/demo1/product/joker-black-top/index8637.html]
[rascalsthemes.com/demo/angio/demo1/product-category/clothing/index5cbb.html]
[rascalsthemes.com/demo/angio/demo1/cart/index44c5.html]
[rascalsthemes.com/demo/angio/demo1/shop/page/2/indexaafe.html]
[rascalsthemes.com/demo/angio/demo1/wp-json/wp/v2/tags/12]
[rascalsthemes.com/demo/angio/demo1/product-category/tops/indexaafe.html]
[rascalsthemes.com/demo/angio/demo1/product-tag/style/indexace6.html]
[rascalsthemes.com/demo/angio/demo1/wp-json/oembed/1.0/embedd8d8]
[rascalsthemes.com/demo/angio/demo1/product-tag/swag/index5cbb.html]
[rascalsthemes.com/demo/angio/demo1/product-tag/swag/index8637.html]
[rascalsthemes.com/demo/angio/demo1/product-tag/swag/indexace6.html]
[rascalsthemes.com/demo/angio/demo1/product-tag/style/index5cbb.html]
[rascalsthemes.com/demo/angio/demo1/product/solid-black-top/indexace6.html]
[rascalsthemes.com/demo/angio/demo1/product-tag/style/index8637.html]
[rascalsthemes.com/demo/angio/demo1/product-tag/dubstep/index.html]
[rascalsthemes.com/demo/angio/demo1/product-tag/single/index2456.html]
[rascalsthemes.com/demo/angio/demo1/cart/index7456.html]
[rascalsthemes.com/demo/angio/demo1/wp-json/wp/v2/product_tag/53.json]
[rascalsthemes.com/demo/angio/demo1/product/circles/indexaafe.html]
[rascalsthemes.com/demo/angio/demo1/product-tag/single/feed/index.html]
[rascalsthemes.com/demo/angio/demo1/product-tag/beats/index5bce.html]
[rascalsthemes.com/demo/angio/demo1/product-tag/drum-and-bass/index5bce.html]
[rascalsthemes.com/demo/angio/demo1/product-tag/drum-and-bass/index3093.html]
[rascalsthemes.com/demo/angio/demo1/cart/indexf77d.html]
[rascalsthemes.com/demo/angio/demo1/product-tag/fashion/index5cbb.html]
[rascalsthemes.com/demo/angio/demo1/product-tag/fashion/indexace6.html]
[rascalsthemes.com/demo/angio/demo1/product/stylish-black-shirt/index8637.html]
[rascalsthemes.com/demo/angio/demo1/product-tag/beats/feed/index.html]
[rascalsthemes.com/demo/angio/demo1/product-tag/knit/index5cbb.html]
[rascalsthemes.com/demo/angio/demo1/index9e0f.html]
[rascalsthemes.com/demo/angio/demo1/wp-json/wp/v2/product_tag/55]
[rascalsthemes.com/demo/angio/demo1/product/stylish-black-shirt/index5cbb.html]
[rascalsthemes.com/demo/angio/demo1/product-tag/knit/feed/index.html]
[rascalsthemes.com/demo/angio/demo1/best-sneakers-for-man/indexa82a.html]
[rascalsthemes.com/demo/angio/demo1/index87e8.html]
[rascalsthemes.com/demo/angio/demo1/product-category/tops/indexaafe.html]
[rascalsthemes.com/demo/angio/demo1/product-tag/style/index5cbb.html]
[rascalsthemes.com/demo/angio/demo1/product-tag/style/index8637.html]
[rascalsthemes.com/demo/angio/demo1/cart/index3214.html]
[rascalsthemes.com/demo/angio/demo1/product/solid-black-top/indexace6.html]
[rascalsthemes.com/demo/angio/demo1/wp-json/oembed/1.0/embedbd5a]
[rascalsthemes.com/demo/angio/demo1/wp-json/oembed/1.0/embedf87c]
[rascalsthemes.com/demo/angio/demo1/product/circles/indexaafe.html]
[rascalsthemes.com/demo/angio/demo1/index784f.html]
[rascalsthemes.com/demo/angio/demo1/wp-json/wp/v2/product_tag/42]
[rascalsthemes.com/demo/angio/demo1/product/stylish-black-shirt/index5cbb.html]
[rascalsthemes.com/demo/angio/demo1/indexc141.html]
[rascalsthemes.com/demo/angio/demo1/product-tag/dubstep/index2456.html]
[rascalsthemes.com/demo/angio/demo1/cart/index9e08.html]
[rascalsthemes.com/demo/angio/demo1/product-tag/dubstep/index2456.html]
[rascalsthemes.com/demo/angio/demo1/cart/index29d5.html]
[rascalsthemes.com/demo/angio/demo1/wp-login.php]
[rascalsthemes.com/demo/angio/demo1/wp-login.php]
[rascalsthemes.com/demo/angio/demo1/shop/page/1/indexaafe.html]
[rascalsthemes.com/demo/angio/demo1/product-tag/breaks/index.html]
[rascalsthemes.com/demo/angio/demo1/product-tag/dubstep/feed/index.html]
[rascalsthemes.com/demo/angio/demo1/product-category/music/index2456.html]
[rascalsthemes.com/demo/angio/demo1/product-tag/breaks/index.html]
[rascalsthemes.com/demo/angio/demo1/wp-json/wp/v2/product_tag/47.json]
[rascalsthemes.com/demo/angio/demo1/product-tag/breaks/feed/index.html]
[rascalsthemes.com/demo/angio/demo1/product-category/music/index2456.html]
[rascalsthemes.com/demo/angio/demo1/product-tag/breaks/index5bce.html]
[rascalsthemes.com/demo/angio/demo1/product-tag/breaks/index5bce.html]
[rascalsthemes.com/demo/angio/demo1/product-tag/breaks/index3093.html]
[rascalsthemes.com/demo/angio/demo1/product-tag/breaks/index3093.html]
[rascalsthemes.com/demo/angio/demo1/product-tag/knit/indexace6.html]
[rascalsthemes.com/demo/angio/demo1/product-tag/knit/indexace6.html]
[rascalsthemes.com/demo/angio/demo1/product-tag/swag/feed/index.html]
[rascalsthemes.com/demo/angio/demo1/wp-includes/css/dist/block-library/style.mind1c0.css]
[rascalsthemes.com/demo/angio/demo1/wp-content/plugins/woocommerce/assets/fonts/Inter-VariableFont_slnt,wght.woff2]
[rascalsthemes.com/demo/angio/demo1/wp-content/plugins/angio-toolkit/options/toolkit/vendors/basicLightbox/basicLightbox.mind1c0.css]
[rascalsthemes.com/demo/angio/demo1/xmlrpc0db0.php]
[rascalsthemes.com/demo/angio/demo1/wp-content/plugins/elementor/assets/lib/swiper/v8/css/swiper.min94a4.css]
[rascalsthemes.com/demo/angio/demo1/wp-json/oembed/1.0/embed10bb.json]
[rascalsthemes.com/demo/angio/demo1/wp-json/oembed/1.0/embed08d7]
[rascalsthemes.com/demo/angio/demo1/wp-content/plugins/woocommerce/assets/fonts/cardo_normal_400.woff2]
[rascalsthemes.com/demo/angio/demo1/wp-content/uploads/2020/02/a1.jpg]
[rascalsthemes.com/demo/angio/demo1/wp-content/plugins/angio-toolkit/options/toolkit/images/player/pause.svg]
[rascalsthemes.com/demo/angio/demo1/wp-content/uploads/2020/02/hd-album-bg.jpg]
[rascalsthemes.com/demo/angio/demo1/wp-json/wp/v2/pages/366.json]
[rascalsthemes.com/demo/angio/demo1/wp-content/plugins/angio-toolkit/options/toolkit/images/player/down-arrow.svg]
[rascalsthemes.com/demo/angio/demo1/wp-content/uploads/2020/02/a4-1.jpg]
[rascalsthemes.com/demo/angio/demo1/wp-json/oembed/1.0/embed76d7.json]
[rascalsthemes.com/demo/angio/demo1/wp-content/uploads/2020/02/a3-1.jpg]
[rascalsthemes.com/demo/angio/demo1/wp-content/plugins/angio-toolkit/options/toolkit/css/frontend-toolkitd1c0.css]
[rascalsthemes.com/demo/angio/demo1/wp-content/plugins/angio-toolkit/options/toolkit/images/player/buy.svg]
[rascalsthemes.com/demo/angio/demo1/wp-content/uploads/2020/02/a2-1.jpg]
[rascalsthemes.com/demo/angio/demo1/wp-content/uploads/2020/09/hd6.jpg]
[rascalsthemes.com/demo/angio/demo1/wp-content/uploads/2020/09/parallax-layer1-3.png]
[rascalsthemes.com/demo/angio/demo1/wp-content/plugins/woocommerce/assets/css/woocommerce-layoutea26.css]
[rascalsthemes.com/demo/angio/demo1/wp-json/wp/v2/pages/261.json]
[rascalsthemes.com/demo/angio/demo1/wp-content/uploads/2020/08/hd2.jpg]
[rascalsthemes.com/demo/angio/demo1/wp-json/oembed/1.0/embedd864.json]
[rascalsthemes.com/demo/angio/demo1/wp-json/oembed/1.0/embedcb15]
[rascalsthemes.com/demo/angio/demo1/wp-content/plugins/woocommerce/assets/fonts/WooCommerce.woff2]
[rascalsthemes.com/demo/angio/demo1/wp-json/oembed/1.0/embed4be5]
[rascalsthemes.com/demo/angio/demo1/wp-json/oembed/1.0/embedd65f.json]
[rascalsthemes.com/demo/angio/demo1/wp-json/wp/v2/pages/665.json]
[rascalsthemes.com/demo/angio/demo1/wp-json/wp/v2/pages/679.json]
[rascalsthemes.com/demo/angio/demo1/wp-content/plugins/woocommerce/assets/fonts/WooCommerce.woff]
[rascalsthemes.com/demo/angio/demo1/wp-content/uploads/2020/01/e7.jpg]
[rascalsthemes.com/demo/angio/demo1/wp-content/uploads/2019/11/n5.jpg]
[rascalsthemes.com/demo/angio/demo1/wp-content/uploads/2020/01/e4.jpg]
[rascalsthemes.com/demo/angio/demo1/wp-content/uploads/2020/01/e6.jpg]
[rascalsthemes.com/demo/angio/demo1/wp-content/plugins/woocommerce/assets/fonts/WooCommerce.ttf]
[rascalsthemes.com/demo/angio/demo1/wp-json/oembed/1.0/embed999f]
[rascalsthemes.com/demo/angio/demo1/wp-content/plugins/woocommerce/assets/images/icons/loader.svg]
[rascalsthemes.com/demo/angio/demo1/wp-content/plugins/woocommerce/assets/css/woocommerceea26.css]
[rascalsthemes.com/demo/angio/demo1/wp-json/wp/v2/pages/935.json]
[rascalsthemes.com/demo/angio/demo1/wp-json/oembed/1.0/embed4a53.json]
[rascalsthemes.com/demo/angio/demo1/wp-content/uploads/2020/09/hd5.jpg]
[rascalsthemes.com/demo/angio/demo1/wp-json/oembed/1.0/embed808f]
[rascalsthemes.com/demo/angio/demo1/wp-json/wp/v2/pages/503.json]
[rascalsthemes.com/demo/angio/demo1/wp-json/oembed/1.0/embed885f.json]
[rascalsthemes.com/demo/angio/demo1/wp-content/uploads/2020/09/p6.jpg]
[rascalsthemes.com/demo/angio/demo1/wp-content/themes/angio/css/icomoond1c0.css]
[rascalsthemes.com/demo/angio/demo1/wp-content/themes/angio/css/icomoon/icomoon.svg]
[rascalsthemes.com/demo/angio/demo1/wp-content/uploads/2020/02/hd-album2-bg.jpg]
[rascalsthemes.com/demo/angio/demo1/wp-json/oembed/1.0/embede756]
[rascalsthemes.com/demo/angio/demo1/wp-json/wp/v2/pages/500.json]
[rascalsthemes.com/demo/angio/demo1/wp-content/uploads/2020/09/l2.jpg]
[rascalsthemes.com/demo/angio/demo1/wp-content/themes/angio/images/noisy/noisy-3.png]
[rascalsthemes.com/demo/angio/demo1/wp-content/uploads/2020/09/p5-836x522.jpg]
[rascalsthemes.com/demo/angio/demo1/wp-json/oembed/1.0/embedab21]
[rascalsthemes.com/demo/angio/demo1/wp-json/wp/v2/pages/486.json]
[rascalsthemes.com/demo/angio/demo1/wp-content/themes/angio/images/noisy/noisy-4.png]
[rascalsthemes.com/demo/angio/demo1/wp-content/themes/angio/styled1c0.css]
[rascalsthemes.com/demo/angio/demo1/wp-json/wp/v2/pages/494.json]
[rascalsthemes.com/demo/angio/demo1/wp-content/plugins/angio-toolkit/options/woocommerce/css/wc-custom-styled1c0.css]
[rascalsthemes.com/demo/angio/demo1/wp-content/uploads/2020/01/n3-836x522.jpg]
[rascalsthemes.com/demo/angio/demo1/wp-includes/js/jquery/jquery.minf43b.js]
[rascalsthemes.com/demo/angio/demo1/wp-json/oembed/1.0/embedd324.json]
[rascalsthemes.com/demo/angio/demo1/wp-includes/js/jquery/jquery-migrate.min5589.js]
[rascalsthemes.com/demo/angio/demo1/wp-content/plugins/woocommerce/assets/js/jquery-blockui/jquery.blockUI.min2574.js]
[rascalsthemes.com/demo/angio/demo1/wp-content/uploads/2020/01/n2-1024x640.jpg]
[rascalsthemes.com/demo/angio/demo1/wp-content/plugins/woocommerce/assets/js/frontend/add-to-cart.minea26.js]
[rascalsthemes.com/demo/angio/demo1/wp-content/uploads/2020/01/n2.jpg]
[rascalsthemes.com/demo/angio/demo1/wp-content/plugins/woocommerce/assets/js/js-cookie/js.cookie.min3546.js]
[rascalsthemes.com/demo/angio/demo1/wp-json/oembed/1.0/embed53c1]
[rascalsthemes.com/demo/angio/demo1/wp-content/plugins/woocommerce/assets/js/frontend/woocommerce.minea26.js]
[rascalsthemes.com/demo/angio/demo1/wp-content/themes/angio/images/logo.svg]
[rascalsthemes.com/demo/angio/demo1/wp-json/wp/v2/pages/574.json]
[rascalsthemes.com/demo/angio/demo1/wp-json/oembed/1.0/embed93bc.json]
[rascalsthemes.com/demo/angio/demo1/album/empire-state/index.html]
[rascalsthemes.com/demo/angio/demo1/wp-json/oembed/1.0/embedb5ad]
[rascalsthemes.com/demo/angio/demo1/wp-content/plugins/woocommerce/assets/client/blocks/wc-blocksf3a9.css]
[rascalsthemes.com/demo/angio/demo1/wp-content/plugins/angio-toolkit/options/toolkit/vendors/basicLightbox/basicLightbox.mind1c0.js]
[rascalsthemes.com/demo/angio/demo1/wp-content/uploads/2020/09/about-bg.jpg]
[rascalsthemes.com/demo/angio/demo1/wp-json/wp/v2/pages/1022.json]
[rascalsthemes.com/demo/angio/demo1/wp-json/oembed/1.0/embed8547]
[rascalsthemes.com/demo/angio/demo1/wp-json/oembed/1.0/embed04bf.json]
[rascalsthemes.com/demo/angio/demo1/wp-json/wp/v2/pages/474.json]
[rascalsthemes.com/demo/angio/demo1/wp-json/oembed/1.0/embed2b39.json]
[rascalsthemes.com/demo/angio/demo1/wp-content/plugins/angio-toolkit/options/toolkit/vendors/swiper/swiper.mind1c0.js]
[rascalsthemes.com/demo/angio/demo1/wp-json/oembed/1.0/embed9c60]
[rascalsthemes.com/demo/angio/demo1/wp-json/oembed/1.0/embed64a1]
[rascalsthemes.com/demo/angio/demo1/wp-content/uploads/2020/01/hd-album5-bg.jpg]
[rascalsthemes.com/demo/angio/demo1/wp-json/oembed/1.0/embed53ee]
[rascalsthemes.com/demo/angio/demo1/wp-json/oembed/1.0/embedf3ab.json]
[rascalsthemes.com/demo/angio/demo1/wp-content/uploads/2020/02/hd-album4-bg.jpg]
[rascalsthemes.com/demo/angio/demo1/GET.198.delayed]
[rascalsthemes.com/demo/angio/demo1/wp-content/uploads/2020/02/hd-album3-bg.jpg]
[rascalsthemes.com/demo/angio/demo1/wp-json/oembed/1.0/embed7cd3]
[rascalsthemes.com/demo/angio/demo1/wp-json/wp/v2/angio_albums/254.json]
[rascalsthemes.com/demo/angio/demo1/wp-json/oembed/1.0/embed731e]
[rascalsthemes.com/demo/angio/demo1/THREE.LensFlare has been moved to/examples/js/objects/Lensflare.js]
[rascalsthemes.com/demo/angio/demo1/wp-json/wp/v2/angio_albums/246.json]
[rascalsthemes.com/demo/angio/demo1/wp-json/oembed/1.0/embed1086]
[rascalsthemes.com/demo/angio/demo1/wp-json/oembed/1.0/embedd58c.json]
[rascalsthemes.com/demo/angio/demo1/wp-json/wp/v2/pages/993.json]
[rascalsthemes.com/demo/angio/demo1/THREE.SceneUtils has been moved to/examples/js/utils/SceneUtils.js]
[rascalsthemes.com/demo/angio/demo1/wp-content/plugins/angio-toolkit/options/toolkit/vendors/threejs/three.mind1c0.js]
[rascalsthemes.com/demo/angio/demo1/wp-json/oembed/1.0/embed815d]
[rascalsthemes.com/demo/angio/demo1/wp-json/wp/v2/pages/1009]
[rascalsthemes.com/demo/angio/demo1/wp-content/plugins/angio-toolkit/options/toolkit/js/frontend-toolkitd1c0.js]
[rascalsthemes.com/demo/angio/demo1/wp-json/oembed/1.0/embede486]
[rascalsthemes.com/demo/angio/demo1/wp-json/wp/v2/pages/1082.json]
[rascalsthemes.com/demo/angio/demo1/wp-includes/js/dist/hooks.min4fdd.js]
[rascalsthemes.com/demo/angio/demo1/wp-includes/js/dist/i18n.minc33c.js]
[rascalsthemes.com/demo/angio/demo1/wp-json/oembed/1.0/embed1cf1]
[rascalsthemes.com/demo/angio/demo1/wp-content/plugins/contact-form-7/includes/swv/js/indexf049.js]
[rascalsthemes.com/demo/angio/demo1/wp-json/oembed/1.0/embed42c9]
[rascalsthemes.com/demo/angio/demo1/wp-content/plugins/contact-form-7/includes/js/indexf049.js]
[rascalsthemes.com/demo/angio/demo1/wp-json/wp/v2/pages/1084.json]
[rascalsthemes.com/demo/angio/demo1/wp-json/oembed/1.0/embed3096.json]
[rascalsthemes.com/demo/angio/demo1/wp-content/themes/angio/js/gsap.mind1c0.js]
[rascalsthemes.com/demo/angio/demo1/wp-content/themes/angio/js/scrollmagic.mind1c0.js]
[rascalsthemes.com/demo/angio/demo1/sample-page/feed/index.html]
[rascalsthemes.com/demo/angio/demo1/wp-content/themes/angio/js/smooth-scrollbar.mind1c0.js]
[rascalsthemes.com/demo/angio/demo1/wp-json/oembed/1.0/embede5e3]
[rascalsthemes.com/demo/angio/demo1/wp-json/wp/v2/pages/1025.json]
[rascalsthemes.com/demo/angio/demo1/wp-content/themes/angio/js/axloaderd1c0.js]
[rascalsthemes.com/demo/angio/demo1/wp-json/wp/v2/pages/2.json]
[rascalsthemes.com/demo/angio/demo1/wp-includes/js/imagesloaded.minbb93.js]
[rascalsthemes.com/demo/angio/demo1/wp-content/uploads/2020/02/hd-album6-bg.jpg]
[rascalsthemes.com/demo/angio/demo1/wp-content/themes/angio/js/themed1c0.js]
[rascalsthemes.com/demo/angio/demo1/wp-json/oembed/1.0/embedec9f]
[rascalsthemes.com/demo/angio/demo1/wp-content/plugins/woocommerce/assets/js/sourcebuster/sourcebuster.minea26.js]
[rascalsthemes.com/demo/angio/demo1/wp-json/oembed/1.0/embed7bc3.json]
[rascalsthemes.com/demo/angio/demo1/wp-content/plugins/woocommerce/assets/js/frontend/order-attribution.minea26.js]
[rascalsthemes.com/demo/angio/demo1/wp-json/oembed/1.0/embed4ae2]
[rascalsthemes.com/demo/angio/demo1/wp-json/oembed/1.0/embed8ded]
[rascalsthemes.com/demo/angio/demo1/wp-content/plugins/elementor/assets/lib/eicons/fonts/eiconsbe76.eot]
[rascalsthemes.com/demo/angio/demo1/wp-json/oembed/1.0/embed801c]
[rascalsthemes.com/demo/angio/demo1/wp-json/oembed/1.0/embeddd3f.json]
[rascalsthemes.com/demo/angio/demo1/wp-json/wp/v2/angio_events/198.json]
[rascalsthemes.com/demo/angio/demo1/wp-content/plugins/elementor/assets/lib/eicons/fonts/eiconsbe76.woff2]
[rascalsthemes.com/demo/angio/demo1/wp-json/oembed/1.0/embedca9b.json]
[rascalsthemes.com/demo/angio/demo1/wp-content/plugins/elementor/assets/lib/eicons/fonts/eiconsbe76.woff]
[rascalsthemes.com/demo/angio/demo1/wp-json/oembed/1.0/embeded87]
[rascalsthemes.com/demo/angio/demo1/wp-content/plugins/elementor/assets/lib/eicons/fonts/eiconsbe76.ttf]
[rascalsthemes.com/demo/angio/demo1/wp-json/oembed/1.0/embede166]
[rascalsthemes.com/demo/angio/demo1/wp-json/oembed/1.0/embedea53]
[rascalsthemes.com/demo/angio/demo1/wp-json/wp/v2/angio_events/212.json]
[rascalsthemes.com/demo/angio/demo1/wp-content/plugins/elementor/assets/lib/eicons/css/elementor-icons.min444a.css]
[rascalsthemes.com/demo/angio/demo1/wp-content/plugins/elementor/assets/lib/eicons/fonts/eiconsbe76.svg]
[rascalsthemes.com/demo/angio/demo1/wp-content/uploads/2020/08/hd2-1024x576.jpg]
[rascalsthemes.com/demo/angio/demo1/wp-json/wp/v2/angio_events/156.json]
[rascalsthemes.com/demo/angio/demo1/wp-json/oembed/1.0/embedcd6e.json]
[rascalsthemes.com/demo/angio/demo1/wp-json/oembed/1.0/embeda343]
[rascalsthemes.com/demo/angio/demo1/wp-content/plugins/elementor/assets/css/conditionals/e-swiper.min18be.css]
[rascalsthemes.com/demo/angio/demo1/index7aa0.html]
[rascalsthemes.com/demo/angio/demo1/music-video-blocks/feed/index.html]
[rascalsthemes.com/demo/angio/demo1/wp-json/wp/v2/angio_events/209.json]
[rascalsthemes.com/demo/angio/demo1/wp-json/oembed/1.0/embedfc90]
[rascalsthemes.com/demo/angio/demo1/wp-json/oembed/1.0/embed64a1]
[rascalsthemes.com/demo/angio/demo1/wp-json/wp/v2/posts/8.json]
[rascalsthemes.com/demo/angio/demo1/wp-json/oembed/1.0/embed27aa]
[rascalsthemes.com/demo/angio/demo1/album/call-to-mind/index.html]
[rascalsthemes.com/demo/angio/demo1/wp-json/wp/v2/categories/2.json]
[rascalsthemes.com/demo/angio/demo1/album/city-life/index.html]
[rascalsthemes.com/demo/angio/demo1/category/uncategorized/feed/index.html]
[rascalsthemes.com/demo/angio/demo1/wp-json/wp/v2/categories/3.json]
[rascalsthemes.com/demo/angio/demo1/cart/index.html]
[rascalsthemes.com/demo/angio/demo1/tag/mixtape/feed/index.html]
[rascalsthemes.com/demo/angio/demo1/indexd89d.html]
[rascalsthemes.com/demo/angio/demo1/wp-json/wp/v2/tags/5.json]
[rascalsthemes.com/demo/angio/demo1/tag/new-york/feed/index.html]
[rascalsthemes.com/demo/angio/demo1/index2bcd.html]
[rascalsthemes.com/demo/angio/demo1/wp-json/wp/v2/tags/7.json]
[rascalsthemes.com/demo/angio/demo1/tag/sneakers/feed/index.html]
[rascalsthemes.com/demo/angio/demo1/tag/soundcloud/feed/index.html]
[rascalsthemes.com/demo/angio/demo1/wp-json/oembed/1.0/embed4ae2]
[secure.gravatar.com/avatar/3992a8f0bad6c1608ee08f4e0c3bb5b2de35.jpg]
[rascalsthemes.com/demo/angio/demo1/wp-json/wp/v2/tags/10.json]
[rascalsthemes.com/demo/angio/demo1/event/fabric-ricardo-el-sonido-2/index.html]
[rascalsthemes.com/demo/angio/demo1/wp-json/wp/v2/pages/671]
[rascalsthemes.com/demo/angio/demo1/event/the-neon-club/index.html]
[rascalsthemes.com/demo/angio/demo1/wp-json/oembed/1.0/embed6102]
[rascalsthemes.com/demo/angio/demo1/wp-json/oembed/1.0/embed5d84.json]
[rascalsthemes.com/demo/angio/demo1/wp-content/uploads/2020/09/parallax-layer1-3-836x522.png]
[rascalsthemes.com/demo/angio/demo1/event/modern-city/index.html]
[rascalsthemes.com/demo/angio/demo1/wp-json/oembed/1.0/embed51c7]
[rascalsthemes.com/demo/angio/demo1/event/retrowave-festival/index.html]
[rascalsthemes.com/demo/angio/demo1/wp-json/oembed/1.0/embed053e]
[rascalsthemes.com/demo/angio/demo1/wp-json/wp/v2/pages/323.json]
[rascalsthemes.com/demo/angio/demo1/index3ba5.html]
[rascalsthemes.com/demo/angio/demo1/wp-content/uploads/2019/11/n6.jpg]
[rascalsthemes.com/demo/angio/demo1/wp-json/oembed/1.0/embed0a28]
[rascalsthemes.com/demo/angio/demo1/wp-json/wp/v2/pages/436]
[rascalsthemes.com/demo/angio/demo1/product-category/tops/feed/index.html]
[rascalsthemes.com/demo/angio/demo1/wp-json/wp/v2/pages/671]
[rascalsthemes.com/demo/angio/demo1/wp-content/uploads/2020/10/product5.jpg]
[rascalsthemes.com/demo/angio/demo1/wp-content/uploads/2020/10/product5-600x600.jpg]
[rascalsthemes.com/demo/angio/demo1/wp-json/wp/v2/product/1091.json]
[rascalsthemes.com/demo/angio/demo1/index6c15.html]
[rascalsthemes.com/demo/angio/demo1/product/circles/feed/index.html]
[rascalsthemes.com/demo/angio/demo1/product-category/music/singles/feed/index.html]
[rascalsthemes.com/demo/angio/demo1/wp-content/uploads/2020/10/product1.jpg]
[rascalsthemes.com/demo/angio/demo1/wp-json/wp/v2/product/1090.json]
[rascalsthemes.com/demo/angio/demo1/product-category/music/vinyls/feed/index.html]
[rascalsthemes.com/demo/angio/demo1/wp-json/oembed/1.0/embed359a]
[rascalsthemes.com/demo/angio/demo1/product/helmet/feed/index.html]
[rascalsthemes.com/demo/angio/demo1/index2807.html]
[rascalsthemes.com/demo/angio/demo1/wp-content/uploads/2020/10/product2.jpg]
[rascalsthemes.com/demo/angio/demo1/wp-json/wp/v2/product/1092.json]
[rascalsthemes.com/demo/angio/demo1/wp-json/oembed/1.0/embed7039.json]
[rascalsthemes.com/demo/angio/demo1/photos/photos-2-columns/index.html]
[rascalsthemes.com/demo/angio/demo1/product-category/music/albums/feed/index.html]
[rascalsthemes.com/demo/angio/demo1/product/stylish-black-shirt/feed/index.html]
[rascalsthemes.com/demo/angio/demo1/wp-json/wp/v2/product/1087.json]
[rascalsthemes.com/demo/angio/demo1/wp-json/oembed/1.0/embed040e]
[rascalsthemes.com/demo/angio/demo1/wp-json/oembed/1.0/embed313b.json]
[rascalsthemes.com/demo/angio/demo1/wp-json/oembed/1.0/embed8afa]
[rascalsthemes.com/demo/angio/demo1/product-category/dresses/feed/index.html]
[rascalsthemes.com/demo/angio/demo1/wp-json/wp/v2/pages/72.json]
[rascalsthemes.com/demo/angio/demo1/wp-json/wp/v2/pages/459.json]
[rascalsthemes.com/demo/angio/demo1/wp-json/oembed/1.0/embed3a72]
[rascalsthemes.com/demo/angio/demo1/wp-json/wp/v2/angio_albums/240.json]
[rascalsthemes.com/demo/angio/demo1/indexfe50.html]
[rascalsthemes.com/demo/angio/demo1/wp-json/oembed/1.0/embed8266]
[rascalsthemes.com/demo/angio/demo1/news/news-big-images/page/2/index.html]
[rascalsthemes.com/demo/angio/demo1/wp-json/oembed/1.0/embed4777]
[rascalsthemes.com/demo/angio/demo1/wp-json/oembed/1.0/embed6c40]
[rascalsthemes.com/demo/angio/demo1/shop/index5cbb.html]
[rascalsthemes.com/demo/angio/demo1/new-york-style/feed/index.html]
[rascalsthemes.com/demo/angio/demo1/wp-json/oembed/1.0/embedfd43]
[rascalsthemes.com/demo/angio/demo1/wp-json/wp/v2/posts/118.json]
[rascalsthemes.com/demo/angio/demo1/wp-json/oembed/1.0/embed32a3.json]
[rascalsthemes.com/demo/angio/demo1/wp-json/oembed/1.0/embed53b3]
[rascalsthemes.com/demo/angio/demo1/indexb703.html]
[rascalsthemes.com/demo/angio/demo1/wp-json/wp/v2/posts/111.json]
[rascalsthemes.com/demo/angio/demo1/wp-json/wp/v2/posts/98]
[rascalsthemes.com/demo/angio/demo1/contact/index.html]
[rascalsthemes.com/demo/angio/demo1/wp-json/oembed/1.0/embed2e36]
[rascalsthemes.com/demo/angio/demo1/layouts/fullscreen-scroll/index.html]
[rascalsthemes.com/demo/angio/demo1/wp-json/oembed/1.0/embed0040]
[rascalsthemes.com/demo/angio/demo1/indexb7bc.html]
[rascalsthemes.com/demo/angio/demo1/wp-json/oembed/1.0/embedc048]
[rascalsthemes.com/demo/angio/demo1/product-category/music/feed/index.html]
[rascalsthemes.com/demo/angio/demo1/product-tag/bass/feed/index.html]
[rascalsthemes.com/demo/angio/demo1/wp-json/wp/v2/product_cat/39]
[rascalsthemes.com/demo/angio/demo1/index54a8.html]
[rascalsthemes.com/demo/angio/demo1/album/empire-state/index.html]
[rascalsthemes.com/demo/angio/demo1/wp-json/wp/v2/product_tag/52.json]
[rascalsthemes.com/demo/angio/demo1/wp-json/oembed/1.0/embed53bf.json]
[rascalsthemes.com/demo/angio/demo1/wp-json/oembed/1.0/embed5dac]
[rascalsthemes.com/demo/angio/demo1/album/astroworld/feed/index.html]
[rascalsthemes.com/demo/angio/demo1/product/black-open-front-long-sleeve-knit-cardigan/feed/index.html]
[rascalsthemes.com/demo/angio/demo1/indexccf8.html]
[rascalsthemes.com/demo/angio/demo1/wp-json/oembed/1.0/embed3efd.json]
[rascalsthemes.com/demo/angio/demo1/wp-includes/js/comment-reply.mind1c0.js]
[rascalsthemes.com/demo/angio/demo1/wp-json/oembed/1.0/embed23bc]
[rascalsthemes.com/demo/angio/demo1/wp-json/oembed/1.0/embed6f0a.json]
[rascalsthemes.com/demo/angio/demo1/wp-json/oembed/1.0/embed8b18]
[rascalsthemes.com/demo/angio/demo1/index6233.html]
[rascalsthemes.com/demo/angio/demo1/index88a0.html]
[rascalsthemes.com/demo/angio/demo1/wp-json/oembed/1.0/embeda80a.json]
[rascalsthemes.com/demo/angio/demo1/index5aa6.html]
[rascalsthemes.com/demo/angio/demo1/wp-json/oembed/1.0/embed0e03]
[rascalsthemes.com/demo/angio/demo1/wp-json/oembed/1.0/embed03f8]
[rascalsthemes.com/demo/angio/demo1/wp-json/oembed/1.0/embed4777]
[rascalsthemes.com/demo/angio/demo1/wp-json/oembed/1.0/embed9985]
[rascalsthemes.com/demo/angio/demo1/wp-json/wp/v2/posts/115]
[rascalsthemes.com/demo/angio/demo1/wp-json/oembed/1.0/embedf76e]
[rascalsthemes.com/demo/angio/demo1/wp-content/plugins/woocommerce/assets/js/frontend/country-select.minea26.js]
[rascalsthemes.com/demo/angio/demo1/wp-content/plugins/woocommerce/assets/js/frontend/address-i18n.minea26.js]
[rascalsthemes.com/demo/angio/demo1/wp-json/wp/v2/pages/394]
[rascalsthemes.com/demo/angio/demo1/wp-json/oembed/1.0/embed040e]
[rascalsthemes.com/demo/angio/demo1/wp-content/plugins/woocommerce/assets/js/frontend/cart.minea26.js]
[rascalsthemes.com/demo/angio/demo1/wp-content/plugins/woocommerce/assets/js/selectWoo/selectWoo.full.min510c.js]
[rascalsthemes.com/demo/angio/demo1/wp-json/oembed/1.0/embedfeda]
[rascalsthemes.com/demo/angio/demo1/wp-json/oembed/1.0/embed2d6b]
[rascalsthemes.com/demo/angio/demo1/indexc141.html]
[rascalsthemes.com/demo/angio/demo1/product-tag/drum-and-bass/feed/index.html]
[rascalsthemes.com/demo/angio/demo1/indexfbc0.html]
[rascalsthemes.com/demo/angio/demo1/wp-json/wp/v2/product_cat/44]
[rascalsthemes.com/demo/angio/demo1/indexe0b1.html]
[rascalsthemes.com/demo/angio/demo1/wp-json/wp/v2/product_cat/51]
[rascalsthemes.com/demo/angio/demo1/wp-content/plugins/woocommerce/assets/js/frontend/account-i18n.minea26.js]
[rascalsthemes.com/demo/angio/demo1/wp-json/wp/v2/product_tag/48.json]
[rascalsthemes.com/demo/angio/demo1/wp-json/wp/v2/product_tag/41.json]
[rascalsthemes.com/demo/angio/demo1/wp-json/oembed/1.0/embed99f4]
[rascalsthemes.com/demo/angio/demo1/my-account/lost-password/index.html]
[rascalsthemes.com/demo/angio/demo1/index905b.html]
[rascalsthemes.com/demo/angio/demo1/wp-json/wp/v2/pages/450]
[rascalsthemes.com/demo/angio/demo1/wp-json/wp/v2/posts/124]
[rascalsthemes.com/demo/angio/demo1/wp-json/wp/v2/tags/12]
[rascalsthemes.com/demo/angio/demo1/wp-admin/index.html]
[rascalsthemes.com/demo/angio/demo1/product-tag/beats/feed/index.html]
[rascalsthemes.com/demo/angio/demo1/indexb4ec.html]
[rascalsthemes.com/demo/angio/demo1/product-tag/knit/feed/index.html]
[rascalsthemes.com/demo/angio/demo1/wp-json/wp/v2/product_tag/53.json]
[rascalsthemes.com/demo/angio/demo1/wp-json/wp/v2/product_tag/55]
[rascalsthemes.com/demo/angio/demo1/event/fabric-ricardo-el-sonido-2/feed/index.html]
[rascalsthemes.com/demo/angio/demo1/product-tag/breaks/feed/index.html]
[rascalsthemes.com/demo/angio/demo1/wp-json/oembed/1.0/embedbd5a]
[rascalsthemes.com/demo/angio/demo1/wp-json/wp/v2/product_tag/42]
[rascalsthemes.com/demo/angio/demo1/wp-json/wp/v2/product_tag/47.json]
[rascalsthemes.com/demo/angio/demo1/wp-content/plugins/contact-form-7/includes/css/stylesf049.css]
[rascalsthemes.com/demo/angio/demo1/event/color-party/feed/index.html]
[rascalsthemes.com/demo/angio/demo1/wp-content/plugins/woocommerce/assets/fonts/WooCommerce.woff2]
[rascalsthemes.com/demo/angio/demo1/indexd1c3.html]
[rascalsthemes.com/demo/angio/demo1/wp-content/plugins/elementor/assets/lib/eicons/fonts/eiconsbe76.woff2]
[rascalsthemes.com/demo/angio/demo1/wp-content/plugins/elementor/assets/lib/eicons/fonts/eiconsbe76.woff]
[rascalsthemes.com/demo/angio/demo1/event/narcoza-festival/feed/index.html]
[rascalsthemes.com/demo/angio/demo1/wp-content/plugins/elementor/assets/lib/eicons/fonts/eiconsbe76.ttf]
[rascalsthemes.com/demo/angio/demo1/wp-content/uploads/2020/01/a5-1.jpg]
[rascalsthemes.com/demo/angio/demo1/wp-content/uploads/elementor/css/post-5d9d8.css]
[rascalsthemes.com/demo/angio/demo1/indexc140.html]
[rascalsthemes.com/demo/angio/demo1/wp-content/plugins/elementor/assets/css/frontend.min18be.css]
[rascalsthemes.com/demo/angio/audio/1.mp3]
[rascalsthemes.com/demo/angio/demo1/wp-content/uploads/2020/02/a6-1.jpg]
[rascalsthemes.com/demo/angio/demo1/event/retrowave-festival/feed/index.html]
[rascalsthemes.com/demo/angio/demo1/indexd1a7.html]
[rascalsthemes.com/demo/angio/demo1/wp-content/uploads/2020/01/n1.jpg]
[rascalsthemes.com/demo/angio/audio/5.mp3]
[rascalsthemes.com/demo/angio/demo1/event/fabric-ricardo-el-sonido/feed/index.html]
[rascalsthemes.com/demo/angio/demo1/index4e6a.html]
[rascalsthemes.com/demo/angio/demo1/wp-content/plugins/woocommerce/assets/css/select2ea26.css]
[rascalsthemes.com/demo/angio/demo1/end-of-year-mixtape/index.html]
[rascalsthemes.com/demo/angio/demo1/wp-json/oembed/1.0/embede065]
[rascalsthemes.com/demo/angio/demo1/wp-json/wp/v2/posts/98]
[rascalsthemes.com/demo/angio/demo1/index2df4.html]
[rascalsthemes.com/demo/angio/demo1/music-video-blocks/index6f0d.html]
[rascalsthemes.com/demo/angio/demo1/category/reviews/page/2/index.html]
[rascalsthemes.com/demo/angio/demo1/wp-json/wp/v2/categories/1]
[rascalsthemes.com/demo/angio/demo1/tag/soundcloud/page/2/index.html]
[rascalsthemes.com/demo/angio/demo1/indexc089.html]
[rascalsthemes.com/demo/angio/demo1/index2d25.html]
[rascalsthemes.com/demo/angio/demo1/index2807.html]
[rascalsthemes.com/demo/angio/demo1/wp-json/oembed/1.0/embeddb5d]
[rascalsthemes.com/demo/angio/demo1/wp-json/wp/v2/pages/220]
[rascalsthemes.com/demo/angio/demo1/index87e8.html]
[rascalsthemes.com/demo/angio/demo1/wp-json/oembed/1.0/embed040e]
[rascalsthemes.com/demo/angio/demo1/cart/indexccfe.html]
[rascalsthemes.com/demo/angio/demo1/product-category/tops/index5cbb.html]
[rascalsthemes.com/demo/angio/demo1/wp-content/plugins/woocommerce/assets/js/flexslider/jquery.flexslider.min1e59.js]
[rascalsthemes.com/demo/angio/demo1/wp-content/plugins/woocommerce/assets/js/photoswipe/photoswipe.min2d1c.js]
[rascalsthemes.com/demo/angio/demo1/wp-content/plugins/woocommerce/assets/js/photoswipe/photoswipe-ui-default.min2d1c.js]
[rascalsthemes.com/demo/angio/demo1/wp-content/plugins/woocommerce/assets/js/frontend/single-product.minea26.js]
[rascalsthemes.com/demo/angio/demo1/index2f6c.html]
[rascalsthemes.com/demo/angio/demo1/wp-content/plugins/woocommerce/assets/css/photoswipe/photoswipe.minea26.css]
[rascalsthemes.com/demo/angio/demo1/wp-content/plugins/woocommerce/assets/css/photoswipe/default-skin/default-skin.minea26.css]
[rascalsthemes.com/demo/angio/demo1/wp-content/plugins/woocommerce/assets/js/zoom/jquery.zoom.mind42e.js]
[rascalsthemes.com/demo/angio/demo1/indexb357.html]
[rascalsthemes.com/demo/angio/demo1/index3b75.html]
[rascalsthemes.com/demo/angio/demo1/wp-json/wp/v2/product_cat/46]
[rascalsthemes.com/demo/angio/demo1/wp-json/wp/v2/product_cat/51]
[rascalsthemes.com/demo/angio/demo1/product-category/music/albums/index5bce.html]
[rascalsthemes.com/demo/angio/demo1/index4413.html]
[rascalsthemes.com/demo/angio/demo1/wp-includes/js/underscore.min3ab8.js]
[rascalsthemes.com/demo/angio/demo1/wp-includes/js/wp-util.mind1c0.js]
[rascalsthemes.com/demo/angio/demo1/wp-content/plugins/woocommerce/assets/js/frontend/add-to-cart-variation.minea26.js]
[rascalsthemes.com/demo/angio/demo1/wp-content/plugins/elementor/assets/lib/animations/styles/slideInUp.min18be.css]
[rascalsthemes.com/demo/angio/demo1/wp-content/plugins/elementor/assets/css/widget-heading.min18be.css]
[rascalsthemes.com/demo/angio/demo1/wp-content/plugins/elementor/assets/css/widget-text-editor.min18be.css]
[rascalsthemes.com/demo/angio/demo1/indexae74.html]
[rascalsthemes.com/demo/angio/demo1/wp-content/plugins/elementor/assets/js/webpack.runtime.min18be.js]
[rascalsthemes.com/demo/angio/demo1/wp-content/plugins/elementor/assets/js/frontend-modules.min18be.js]
[rascalsthemes.com/demo/angio/demo1/wp-includes/js/jquery/ui/core.minb37e.js]
[rascalsthemes.com/demo/angio/demo1/wp-content/plugins/elementor/assets/css/widget-spacer.min18be.css]
[rascalsthemes.com/demo/angio/demo1/wp-content/uploads/elementor/css/post-72cc92.css]
[rascalsthemes.com/demo/angio/demo1/contact/-negative.1a3.delayed]
[rascalsthemes.com/demo/angio/demo1/wp-content/plugins/elementor/assets/js/frontend.min18be.js]
[rascalsthemes.com/demo/angio/demo1/layouts/fullscreen-scroll-perspective-fx/index.html]
[rascalsthemes.com/demo/angio/demo1/album/empire-state/feed/index.html]
[rascalsthemes.com/demo/angio/demo1/indexcfe0.html]
[rascalsthemes.com/demo/angio/demo1/wp-json/oembed/1.0/embed03f8]
[rascalsthemes.com/demo/angio/demo1/indexc141.html]
[rascalsthemes.com/demo/angio/demo1/wp-admin/js/password-strength-meter.mind1c0.js]
[rascalsthemes.com/demo/angio/demo1/wp-content/plugins/woocommerce/assets/js/frontend/password-strength-meter.minea26.js]
[rascalsthemes.com/demo/angio/demo1/wp-content/plugins/woocommerce/assets/js/frontend/lost-password.minea26.js]
[rascalsthemes.com/demo/angio/demo1/wp-includes/js/zxcvbn-async.min5152.js]
[rascalsthemes.com/demo/angio/demo1/wp-logincf32.html]
[rascalsthemes.com/demo/angio/demo1/event/narcoza-festival/feed/index.html]
[rascalsthemes.com/demo/angio/demo1/wp-json/oembed/1.0/embedbd5a]
[rascalsthemes.com/demo/angio/demo1/end-of-year-mixtape/indexf970.html]
[rascalsthemes.com/demo/angio/demo1/indexdb4e.html]
[rascalsthemes.com/demo/angio/demo1/new-york-style/indexfaf1.html]
[rascalsthemes.com/demo/angio/demo1/indexbbbb.html]
[rascalsthemes.com/demo/angio/demo1/wp-json/oembed/1.0/embedf76e]
[rascalsthemes.com/demo/angio/demo1/wp-json/wp/v2/posts/124]
[rascalsthemes.com/demo/angio/demo1/new-program-for-musicians/index094c.html]
[rascalsthemes.com/demo/angio/demo1/tag/video/index.html]
[rascalsthemes.com/demo/angio/demo1/index156c.html]
[rascalsthemes.com/demo/angio/demo1/index87e8.html]
[rascalsthemes.com/demo/angio/demo1/wp-json/oembed/1.0/embed040e]
[rascalsthemes.com/demo/angio/demo1/product-category/clothing/index5cbb.html]
[rascalsthemes.com/demo/angio/demo1/wp-json/oembed/1.0/embed2d6b]
[rascalsthemes.com/demo/angio/demo1/wp-json/wp/v2/product_cat/44]
[rascalsthemes.com/demo/angio/demo1/product-tag/bass/index2456.html]
[rascalsthemes.com/demo/angio/demo1/wp-json/wp/v2/product/1088]
[rascalsthemes.com/demo/angio/demo1/product-category/music/vinyls/index5bce.html]
[rascalsthemes.com/demo/angio/demo1/indexf8dc.html]
[rascalsthemes.com/demo/angio/demo1/wp-json/oembed/1.0/embed99f4]
[rascalsthemes.com/demo/angio/demo1/wp-json/wp/v2/pages/450]
[rascalsthemes.com/demo/angio/demo1/index5657.html]
[rascalsthemes.com/demo/angio/demo1/wp-json/oembed/1.0/embed9d3d]
[rascalsthemes.com/demo/angio/demo1/indexc141.html]
[rascalsthemes.com/demo/angio/demo1/wp-includes/fonts/dashicons7d4b.eot]
[rascalsthemes.com/demo/angio/demo1/wp-includes/css/dashicons.mind1c0.css]
[rascalsthemes.com/demo/angio/demo1/wp-includes/css/buttons.mind1c0.css]
[rascalsthemes.com/demo/angio/demo1/wp-includes/fonts/dashicons7d4b.ttf]
[rascalsthemes.com/demo/angio/demo1/wp-admin/images/loading.gif]
[rascalsthemes.com/demo/angio/demo1/wp-admin/css/forms.mind1c0.css]
[rascalsthemes.com/demo/angio/demo1/wp-admin/css/l10n.mind1c0.css]
[rascalsthemes.com/demo/angio/demo1/wp-admin/images/w-logo-blue7a53.png]
[rascalsthemes.com/demo/angio/demo1/wp-admin/css/login.mind1c0.css]
[rascalsthemes.com/demo/angio/demo1/wp-includes/js/clipboard.min3c89.js]
[rascalsthemes.com/demo/angio/demo1/wp-includes/js/dist/dom-ready.min5346.js]
[rascalsthemes.com/demo/angio/demo1/wp-includes/js/dist/a11y.min3f73.js]
[rascalsthemes.com/demo/angio/demo1/wp-admin/js/user-profile.mind1c0.js]
[rascalsthemes.com/demo/angio/demo1/wp-admin/images/wordpress-logo7d6b.svg]
[rascalsthemes.com/demo/angio/demo1/wp-json/oembed/1.0/embedf87c]
[rascalsthemes.com/demo/angio/demo1/best-sneakers-for-man/indexa82a.html]
[rascalsthemes.com/demo/angio/demo1/wp-json/wp/v2/tags/12]
[rascalsthemes.com/demo/angio/demo1/index87e8.html]
[rascalsthemes.com/demo/angio/demo1/index26b0.html]
[rascalsthemes.com/demo/angio/demo1/cart/index473e.html]
[rascalsthemes.com/demo/angio/demo1/wp-json/wp/v2/product_tag/42]
[rascalsthemes.com/demo/angio/demo1/product-tag/swag/index5cbb.html]
[rascalsthemes.com/demo/angio/demo1/cart/index9e08.html]
[rascalsthemes.com/demo/angio/demo1/product-tag/single/index2456.html]
[rascalsthemes.com/demo/angio/demo1/index784f.html]
[rascalsthemes.com/demo/angio/demo1/product-tag/beats/feed/index.html]
[rascalsthemes.com/demo/angio/demo1/product-tag/drum-and-bass/index5bce.html]
[rascalsthemes.com/demo/angio/demo1/product-tag/fashion/index5cbb.html]
[rascalsthemes.com/demo/angio/demo1/product-tag/knit/feed/index.html]
[rascalsthemes.com/demo/angio/demo1/product-tag/knit/index5cbb.html]
[rascalsthemes.com/demo/angio/demo1/index9e0f.html]
[rascalsthemes.com/demo/angio/demo1/indexc141.html]
[rascalsthemes.com/demo/angio/demo1/index87e8.html]
[rascalsthemes.com/demo/angio/demo1/product-tag/dubstep/index2456.html]
[rascalsthemes.com/demo/angio/demo1/cart/index29d5.html]
[rascalsthemes.com/demo/angio/demo1/product-tag/knit/indexace6.html]
[rascalsthemes.com/demo/angio/demo1/shop/page/1/indexaafe.html]
[rascalsthemes.com/demo/angio/demo1/product-tag/swag/feed/index.html]
[rascalsthemes.com/demo/angio/demo1/product-tag/breaks/index5bce.html]
[rascalsthemes.com/demo/angio/demo1/wp-content/plugins/angio-toolkit/options/toolkit/images/player/pause.svg]
[rascalsthemes.com/demo/angio/demo1/wp-content/plugins/angio-toolkit/options/toolkit/images/player/down-arrow.svg]
[rascalsthemes.com/demo/angio/demo1/wp-content/plugins/angio-toolkit/options/toolkit/images/player/buy.svg]
[rascalsthemes.com/demo/angio/demo1/wp-content/plugins/contact-form-7/includes/css/stylesf049.css]
[rascalsthemes.com/demo/angio/demo1/wp-content/plugins/woocommerce/assets/images/icons/loader.svg]
[rascalsthemes.com/demo/angio/demo1/wp-content/themes/angio/css/icomoon/icomoon.ttf]
[rascalsthemes.com/demo/angio/demo1/wp-content/themes/angio/css/icomoon/icomoon.woff]
[rascalsthemes.com/demo/angio/demo1/wp-content/themes/angio/css/icomoon/icomoon.svg]
[rascalsthemes.com/demo/angio/demo1/wp-content/plugins/angio-toolkit/options/toolkit/images/player/play-button.svg]
[rascalsthemes.com/demo/angio/demo1/wp-content/plugins/woocommerce/assets/css/woocommerce-smallscreenea26.css]
[rascalsthemes.com/demo/angio/demo1/GET.html]
[rascalsthemes.com/demo/angio/demo1/THREE.LensFlare has been moved to/examples/js/objects/Lensflare.html]
[rascalsthemes.com/demo/angio/demo1/THREE.SceneUtils has been moved to/examples/js/utils/SceneUtils.html]
[rascalsthemes.com/demo/angio/demo1/wp-content/themes/angio/css/gridd1c0.css]
[rascalsthemes.com/demo/angio/demo1/wp-content/plugins/elementor/assets/lib/eicons/fonts/eiconsbe76.svg]
[rascalsthemes.com/demo/angio/demo1/wp-content/plugins/elementor/assets/css/frontend.min18be.css]
[rascalsthemes.com/demo/angio/demo1/wp-content/uploads/elementor/css/post-5d9d8.css]
[rascalsthemes.com/demo/angio/demo1/album/submission/index.html]
[rascalsthemes.com/demo/angio/demo1/indexb4ec.html]
[rascalsthemes.com/demo/angio/demo1/dates-horizontal/index.html]
[rascalsthemes.com/demo/angio/demo1/this.params.url]
[rascalsthemes.com/demo/angio/demo1/t]
[rascalsthemes.com/demo/angio/demo1/layouts/fullscreen-scroll-perspective-fx/index.html]
[rascalsthemes.com/demo/angio/demo1/album/city-life/feed/index.html]
[rascalsthemes.com/demo/angio/demo1/album/submission/feed/index.html]
[rascalsthemes.com/demo/angio/demo1/wp-content/plugins/woocommerce/assets/css/select2ea26.css]
[rascalsthemes.com/demo/angio/demo1/index0c42.html]
[rascalsthemes.com/demo/angio/demo1/index548d.html]
[rascalsthemes.com/demo/angio/demo1/index6452.html]
[rascalsthemes.com/demo/angio/demo1/event/modern-city/feed/index.html]
[rascalsthemes.com/demo/angio/demo1/index905c.html]
[rascalsthemes.com/demo/angio/demo1/new-program-for-musicians/index.html]
[rascalsthemes.com/demo/angio/demo1/index3cee.html]
[rascalsthemes.com/demo/angio/demo1/wp-content/plugins/woocommerce/assets/css/photoswipe/photoswipe.minea26.css]
[rascalsthemes.com/demo/angio/demo1/wp-content/plugins/woocommerce/assets/css/photoswipe/default-skin/default-skin.png]
[rascalsthemes.com/demo/angio/demo1/wp-content/plugins/woocommerce/assets/css/photoswipe/default-skin/default-skin.minea26.css]
[rascalsthemes.com/demo/angio/demo1/wp-content/plugins/woocommerce/assets/css/photoswipe/default-skin/default-skin.svg]
[rascalsthemes.com/demo/angio/demo1/wp-content/plugins/woocommerce/assets/js/zoom/jquery.zoom.mind42e.js]
[rascalsthemes.com/demo/angio/demo1/cart/index5802.html]
[rascalsthemes.com/demo/angio/demo1/wp-content/plugins/elementor/assets/css/widget-spacer.min18be.css]
[rascalsthemes.com/demo/angio/demo1/wp-content/uploads/elementor/css/post-72cc92.css]
[rascalsthemes.com/demo/angio/demo1/contact/-negative.html]
[rascalsthemes.com/demo/angio/demo1/index6595.html]
[rascalsthemes.com/demo/angio/demo1/wp-includes/js/zxcvbn-async.min5152.js]
[rascalsthemes.com/demo/angio/demo1/wp-admin/images/wordpress-logo7d6b.svg]
[rascalsthemes.com/demo/angio/demo1/new-york-style/index2320.html]
[rascalsthemes.com/demo/angio/demo1/contact/OPR/index.html]
[rascalsthemes.com/demo/angio/demo1/wp-content/plugins/angio-toolkit/options/toolkit/images/player/play-button.svg]
[rascalsthemes.com/demo/angio/demo1/wp-content/plugins/woocommerce/assets/css/woocommerce-smallscreenea26.css]
[rascalsthemes.com/demo/angio/demo1/wp-content/themes/angio/css/gridd1c0.css]
[rascalsthemes.com/demo/angio/demo1/wp-content/themes/angio/images/noisy/noisy-1.png]
[rascalsthemes.com/demo/angio/demo1/wp-content/themes/angio/images/noisy/noisy-2.png]
[rascalsthemes.com/demo/angio/demo1/this.params.url]
[rascalsthemes.com/demo/angio/demo1/t]
[rascalsthemes.com/demo/angio/demo1/index2d25.html]
[rascalsthemes.com/demo/angio/demo1/indexd7c9.html]
[rascalsthemes.com/demo/angio/demo1/wp-content/plugins/woocommerce/assets/css/photoswipe/default-skin/default-skin.svg]
[rascalsthemes.com/demo/angio/demo1/wp-content/plugins/woocommerce/assets/css/photoswipe/default-skin/preloader.gif]
[rascalsthemes.com/demo/angio/demo1/contact/OPR/index.html]
[rascalsthemes.com/demo/angio/demo1/product-category/music/index.html]
[rascalsthemes.com/demo/angio/demo1/indexdba8.html]
[rascalsthemes.com/demo/angio/demo1/index8e49.html]
[rascalsthemes.com/demo/angio/demo1/product-category/tops/indexaafe.html]
[rascalsthemes.com/demo/angio/demo1/product/circles/indexaafe.html]
